******************************************************************************
                  MSP430 Linker PC v16.9.7                     
******************************************************************************
>> Linked Mon Jun 04 13:42:06 2018

OUTPUT FILE NAME:   <acelerometro.out>
ENTRY POINT SYMBOL: "_c_int00_noargs_noexit"  address: 0000ccd0


MEMORY CONFIGURATION

         name            origin    length      used     unused   attr    fill
----------------------  --------  ---------  --------  --------  ----  --------
  SFR                   00000000   00000010  00000000  00000010  RWIX
  PERIPHERALS_8BIT      00000010   000000f0  00000000  000000f0  RWIX
  PERIPHERALS_16BIT     00000100   00000100  00000000  00000100  RWIX
  RAM                   00000200   00000200  00000068  00000198  RWIX
  INFOD                 00001000   00000040  00000000  00000040  RWIX
  INFOC                 00001040   00000040  00000000  00000040  RWIX
  INFOB                 00001080   00000040  00000000  00000040  RWIX
  INFOA                 000010c0   00000040  00000000  00000040  RWIX
  FLASH                 0000c000   00003fde  00000e14  000031ca  RWIX
  BSLSIGNATURE          0000ffde   00000002  00000002  00000000  RWIX  ffff 
  INT00                 0000ffe0   00000002  00000002  00000000  RWIX
  INT01                 0000ffe2   00000002  00000000  00000002  RWIX
  INT02                 0000ffe4   00000002  00000002  00000000  RWIX
  INT03                 0000ffe6   00000002  00000002  00000000  RWIX
  INT04                 0000ffe8   00000002  00000000  00000002  RWIX
  INT05                 0000ffea   00000002  00000002  00000000  RWIX
  INT06                 0000ffec   00000002  00000002  00000000  RWIX
  INT07                 0000ffee   00000002  00000002  00000000  RWIX
  INT08                 0000fff0   00000002  00000002  00000000  RWIX
  INT09                 0000fff2   00000002  00000002  00000000  RWIX
  INT10                 0000fff4   00000002  00000002  00000000  RWIX
  INT11                 0000fff6   00000002  00000002  00000000  RWIX
  INT12                 0000fff8   00000002  00000002  00000000  RWIX
  INT13                 0000fffa   00000002  00000002  00000000  RWIX
  INT14                 0000fffc   00000002  00000002  00000000  RWIX
  RESET                 0000fffe   00000002  00000002  00000000  RWIX


SECTION ALLOCATION MAP

 output                                  attributes/
section   page    origin      length       input sections
--------  ----  ----------  ----------   ----------------
.bss       0    00000200    00000016     UNINITIALIZED
                  00000200    0000000e     i2c.obj (.bss)
                  0000020e    00000004     main.obj (.bss)
                  00000212    00000004     tsl2561.obj (.bss)

.data      0    00000216    00000002     UNINITIALIZED
                  00000216    00000002     mma8451.obj (.data)

.stack     0    000003b0    00000050     UNINITIALIZED
                  000003b0    00000002     rts430_eabi.lib : boot.obj (.stack)
                  000003b2    0000004e     --HOLE--

.text      0    0000c000    00000dee     
                  0000c000    000001fa     tsl2561.obj (.text:tsl2561_get_lux)
                  0000c1fa    000000e6     main.obj (.text:main)
                  0000c2e0    000000de     mma8451.obj (.text:MMA8451OverSampling)
                  0000c3be    000000dc     rts430_eabi.lib : cmpd.obj (.text:__mspabi_cmpd)
                  0000c49a    000000ba     uart.obj (.text:printf_uart)
                  0000c554    0000008a     rts430_eabi.lib : fltuld.obj (.text:__mspabi_fltuld)
                  0000c5de    00000084     i2c.obj (.text:tx_interrupt)
                  0000c662    0000007c     rts430_eabi.lib : copy_decompress_lzss.obj (.text:decompress:lzss:__TI_decompress_lzss)
                  0000c6de    0000006e                     : autoinit.obj (.text:_auto_init)
                  0000c74c    0000006a     mma8451.obj (.text:MMA8451DataRate)
                  0000c7b6    0000005c     rts430_eabi.lib : lsr32.obj (.text:l_lsr_const)
                  0000c812    0000005a                     : cpy_tbl.obj (.text:copy_in)
                  0000c86c    00000058                     : div32u.obj (.text)
                  0000c8c4    00000050     i2c.obj (.text:init_i2c)
                  0000c914    0000004c     rts430_eabi.lib : lsr16.obj (.text)
                  0000c960    00000042     mma8451.obj (.text:MMA8451Reset)
                  0000c9a2    0000003e     rts430_eabi.lib : lsl32.obj (.text:l_lsl_const)
                  0000c9e0    0000003e     mma8451.obj (.text:read_byte)
                  0000ca1e    0000003c     i2c.obj (.text:i2c_read)
                  0000ca5a    0000003a     mma8451.obj (.text:MMA8451_2g)
                  0000ca94    0000003a     uart.obj (.text:print_hex)
                  0000cace    0000003a     tsl2561.obj (.text:tsl2561_set_gain_int_time)
                  0000cb08    00000036     uart.obj (.text:print_dec)
                  0000cb3e    00000034     mma8451.obj (.text:MMA8451Active)
                  0000cb72    00000034     mma8451.obj (.text:MMA8451Init)
                  0000cba6    00000034     mma8451.obj (.text:MMA8451StandBy)
                  0000cbda    00000030     uart.obj (.text:init_uart)
                  0000cc0a    00000030     uart.obj (.text:print_bin)
                  0000cc3a    0000002c     rts430_eabi.lib : lsl16.obj (.text)
                  0000cc66    00000026     i2c.obj (.text:i2c_write)
                  0000cc8c    00000026     rts430_eabi.lib : mult32.obj (.text)
                  0000ccb2    0000001e     i2c.obj (.text:rx_interrupt)
                  0000ccd0    0000001a     rts430_eabi.lib : boot_special.obj (.text:_c_int00_noargs_noexit)
                  0000ccea    00000016                     : div16u.obj (.text)
                  0000cd00    00000014                     : copy_zero_init.obj (.text:decompress:ZI:__TI_zero_init)
                  0000cd14    00000014                     : mult16.obj (.text)
                  0000cd28    00000012                     : copy_decompress_none.obj (.text:decompress:none:__TI_decompress_none)
                  0000cd3a    00000012                     : memcpy.obj (.text:memcpy)
                  0000cd4c    00000012     main.obj (.text:normalizar)
                  0000cd5e    00000012     uart.obj (.text:print_uart)
                  0000cd70    00000010     mma8451.obj (.text:MMA8451OrientDetect)
                  0000cd80    00000010     rts430_eabi.lib : epilog.obj (.text)
                  0000cd90    0000000e     mma8451.obj (.text:MMA8451GetYAxis)
                  0000cd9e    0000000e     mma8451.obj (.text:MMA8451GetZAxis)
                  0000cdac    0000000c     mma8451.obj (.text:MMA8451GetXAxis)
                  0000cdb8    0000000c     uart.obj (.text:putchar_uart)
                  0000cdc4    0000000a     main.obj (.text:timer_interrupt)
                  0000cdce    00000008     rts430_eabi.lib : isr_trap.obj (.text:_isr:__TI_ISR_TRAP)
                  0000cdd6    00000006     mma8451.obj (.text:MMA8451SetDeviceAddr)
                  0000cddc    00000006     rts430_eabi.lib : exit.obj (.text:abort)
                  0000cde2    00000006     i2c.obj (.text:i2c_busy)
                  0000cde8    00000004     rts430_eabi.lib : pre_init.obj (.text:_system_pre_init)
                  0000cdec    00000002                     : startup.obj (.text:_system_post_cinit)

.binit     0    0000c000    00000000     

.const     0    0000cdee    0000000e     
                  0000cdee    0000000e     main.obj (.const:.string)

.cinit     0    0000cdfc    00000018     
                  0000cdfc    00000006     (.cinit..data.load) [load image]
                  0000ce02    00000006     (__TI_handler_table)
                  0000ce08    00000004     (.cinit..bss.load) [load image, compression = zero_init]
                  0000ce0c    00000008     (__TI_cinit_table)

.init_array 
*          0    0000c000    00000000     UNINITIALIZED

TRAPINT    0    0000ffe0    00000002     
                  0000ffe0    00000002     rts430_eabi.lib : int00.obj (.int00)

PORT1      0    0000ffe4    00000002     
                  0000ffe4    00000002     rts430_eabi.lib : int02.obj (.int02)

PORT2      0    0000ffe6    00000002     
                  0000ffe6    00000002     rts430_eabi.lib : int03.obj (.int03)

$fill000   0    0000ffde    00000002     
                  0000ffde    00000002     --HOLE-- [fill = ffff]

ADC10      0    0000ffea    00000002     
                  0000ffea    00000002     rts430_eabi.lib : int05.obj (.int05)

USCIAB0TX 
*          0    0000ffec    00000002     
                  0000ffec    00000002     i2c.obj (.int06)

USCIAB0RX 
*          0    0000ffee    00000002     
                  0000ffee    00000002     i2c.obj (.int07)

TIMER0_A1 
*          0    0000fff0    00000002     
                  0000fff0    00000002     rts430_eabi.lib : int08.obj (.int08)

TIMER0_A0 
*          0    0000fff2    00000002     
                  0000fff2    00000002     main.obj (.int09)

WDT        0    0000fff4    00000002     
                  0000fff4    00000002     rts430_eabi.lib : int10.obj (.int10)

COMPARATORA 
*          0    0000fff6    00000002     
                  0000fff6    00000002     rts430_eabi.lib : int11.obj (.int11)

TIMER1_A1 
*          0    0000fff8    00000002     
                  0000fff8    00000002     rts430_eabi.lib : int12.obj (.int12)

TIMER1_A0 
*          0    0000fffa    00000002     
                  0000fffa    00000002     rts430_eabi.lib : int13.obj (.int13)

NMI        0    0000fffc    00000002     
                  0000fffc    00000002     rts430_eabi.lib : int14.obj (.int14)

.reset     0    0000fffe    00000002     
                  0000fffe    00000002     rts430_eabi.lib : boot.obj (.reset)

MODULE SUMMARY

       Module                     code   ro data   rw data
       ------                     ----   -------   -------
    .\
       mma8451.obj                732    0         2      
       tsl2561.obj                564    0         4      
       uart.obj                   424    0         0      
       i2c.obj                    346    4         14     
       main.obj                   258    16        4      
    +--+--------------------------+------+---------+---------+
       Total:                     2324   20        24     
                                                          
    C:\ti\ccsv7\tools\compiler\ti-cgt-msp430_16.9.7.LTS\lib\rts430_eabi.lib
       cmpd.obj                   220    0         0      
       fltuld.obj                 138    0         0      
       copy_decompress_lzss.obj   124    0         0      
       autoinit.obj               110    0         0      
       lsr32.obj                  92     0         0      
       cpy_tbl.obj                90     0         0      
       div32u.obj                 88     0         0      
       lsr16.obj                  76     0         0      
       lsl32.obj                  62     0         0      
       lsl16.obj                  44     0         0      
       mult32.obj                 38     0         0      
       boot_special.obj           26     0         0      
       div16u.obj                 22     0         0      
       copy_zero_init.obj         20     0         0      
       mult16.obj                 20     0         0      
       copy_decompress_none.obj   18     0         0      
       memcpy.obj                 18     0         0      
       epilog.obj                 16     0         0      
       isr_trap.obj               8      0         0      
       exit.obj                   6      0         0      
       pre_init.obj               4      0         0      
       boot.obj                   0      2         0      
       int00.obj                  0      2         0      
       int02.obj                  0      2         0      
       int03.obj                  0      2         0      
       int05.obj                  0      2         0      
       int08.obj                  0      2         0      
       int10.obj                  0      2         0      
       int11.obj                  0      2         0      
       int12.obj                  0      2         0      
       int13.obj                  0      2         0      
       int14.obj                  0      2         0      
       startup.obj                2      0         0      
    +--+--------------------------+------+---------+---------+
       Total:                     1242   22        0      
                                                          
       Stack:                     0      0         80     
       Linker Generated:          0      24        0      
    +--+--------------------------+------+---------+---------+
       Grand Total:               3566   66        104    


LINKER GENERATED COPY TABLES

__TI_cinit_table @ 0000ce0c records: 2, size/record: 4, table size: 8
	.data: load addr=0000cdfc, load size=00000006 bytes, run addr=00000216, run size=00000002 bytes, compression=copy
	.bss: load addr=0000ce08, load size=00000004 bytes, run addr=00000200, run size=00000016 bytes, compression=zero_init


LINKER GENERATED HANDLER TABLE

__TI_handler_table @ 0000ce02 records: 3, size/record: 2, table size: 6
	index: 0, handler: __TI_zero_init
	index: 1, handler: __TI_decompress_lzss
	index: 2, handler: __TI_decompress_none


GLOBAL SYMBOLS: SORTED ALPHABETICALLY BY Name 

address   name                     
-------   ----                     
0000004a  ADC10AE0                 
000001b0  ADC10CTL0                
000001b2  ADC10CTL1                
00000048  ADC10DTC0                
00000049  ADC10DTC1                
000001b4  ADC10MEM                 
000001bc  ADC10SA                  
00000057  BCSCTL1                  
00000058  BCSCTL2                  
00000053  BCSCTL3                  
0000cddc  C$$EXIT                  
00000059  CACTL1                   
0000005a  CACTL2                   
000010fb  CALBC1_12MHZ             
000010f9  CALBC1_16MHZ             
000010ff  CALBC1_1MHZ              
000010fd  CALBC1_8MHZ              
000010fa  CALDCO_12MHZ             
000010f8  CALDCO_16MHZ             
000010fe  CALDCO_1MHZ              
000010fc  CALDCO_8MHZ              
0000005b  CAPD                     
00000056  DCOCTL                   
00000128  FCTL1                    
0000012a  FCTL2                    
0000012c  FCTL3                    
00000000  IE1                      
00000001  IE2                      
00000002  IFG1                     
00000003  IFG2                     
0000cb3e  MMA8451Active            
0000c74c  MMA8451DataRate          
0000cdac  MMA8451GetXAxis          
0000cd90  MMA8451GetYAxis          
0000cd9e  MMA8451GetZAxis          
0000cb72  MMA8451Init              
0000cd70  MMA8451OrientDetect      
0000c2e0  MMA8451OverSampling      
0000c960  MMA8451Reset             
0000cdd6  MMA8451SetDeviceAddr     
0000cba6  MMA8451StandBy           
0000ca5a  MMA8451_2g               
00000022  P1DIR                    
00000025  P1IE                     
00000024  P1IES                    
00000023  P1IFG                    
00000020  P1IN                     
00000021  P1OUT                    
00000027  P1REN                    
00000026  P1SEL                    
00000041  P1SEL2                   
0000002a  P2DIR                    
0000002d  P2IE                     
0000002c  P2IES                    
0000002b  P2IFG                    
00000028  P2IN                     
00000029  P2OUT                    
0000002f  P2REN                    
0000002e  P2SEL                    
00000042  P2SEL2                   
0000001a  P3DIR                    
00000018  P3IN                     
00000019  P3OUT                    
00000010  P3REN                    
0000001b  P3SEL                    
00000043  P3SEL2                   
00000172  TA0CCR0                  
00000174  TA0CCR1                  
00000176  TA0CCR2                  
00000162  TA0CCTL0                 
00000164  TA0CCTL1                 
00000166  TA0CCTL2                 
00000160  TA0CTL                   
0000012e  TA0IV                    
00000170  TA0R                     
00000192  TA1CCR0                  
00000194  TA1CCR1                  
00000196  TA1CCR2                  
00000182  TA1CCTL0                 
00000184  TA1CCTL1                 
00000186  TA1CCTL2                 
00000180  TA1CTL                   
0000011e  TA1IV                    
00000190  TA1R                     
000010db  TLV_ADC10_1_LEN          
000010da  TLV_ADC10_1_TAG          
000010c0  TLV_CHECKSUM             
000010f7  TLV_DCO_30_LEN           
000010f6  TLV_DCO_30_TAG           
0000005d  UCA0ABCTL                
00000062  UCA0BR0                  
00000063  UCA0BR1                  
00000060  UCA0CTL0                 
00000061  UCA0CTL1                 
0000005f  UCA0IRRCTL               
0000005e  UCA0IRTCTL               
00000064  UCA0MCTL                 
00000066  UCA0RXBUF                
00000065  UCA0STAT                 
00000067  UCA0TXBUF                
0000006a  UCB0BR0                  
0000006b  UCB0BR1                  
00000068  UCB0CTL0                 
00000069  UCB0CTL1                 
0000006c  UCB0I2CIE                
00000118  UCB0I2COA                
0000011a  UCB0I2CSA                
0000006e  UCB0RXBUF                
0000006d  UCB0STAT                 
0000006f  UCB0TXBUF                
00000120  WDTCTL                   
00000400  __STACK_END              
00000050  __STACK_SIZE             
UNDEFED   __TI_BINIT_Base          
UNDEFED   __TI_BINIT_Limit         
0000ce0c  __TI_CINIT_Base          
0000ce14  __TI_CINIT_Limit         
0000ce02  __TI_Handler_Table_Base  
0000ce08  __TI_Handler_Table_Limit 
UNDEFED   __TI_INITARRAY_Base      
UNDEFED   __TI_INITARRAY_Limit     
0000cdce  __TI_ISR_TRAP            
0000c662  __TI_decompress_lzss     
0000cd28  __TI_decompress_none     
0000ffe0  __TI_int00               
0000ffe4  __TI_int02               
0000ffe6  __TI_int03               
0000ffea  __TI_int05               
0000ffec  __TI_int06               
0000ffee  __TI_int07               
0000fff0  __TI_int08               
0000fff2  __TI_int09               
0000fff4  __TI_int10               
0000fff6  __TI_int11               
0000fff8  __TI_int12               
0000fffa  __TI_int13               
0000fffc  __TI_int14               
ffffffff  __TI_pprof_out_hndl      
ffffffff  __TI_prof_data_size      
ffffffff  __TI_prof_data_start     
0000cd00  __TI_zero_init           
ffffffff  __c_args__               
0000c3be  __mspabi_cmpd            
0000ccea  __mspabi_divu            
0000c86c  __mspabi_divul           
0000c554  __mspabi_fltuld          
0000cd8c  __mspabi_func_epilog_1   
0000cd8a  __mspabi_func_epilog_2   
0000cd88  __mspabi_func_epilog_3   
0000cd86  __mspabi_func_epilog_4   
0000cd84  __mspabi_func_epilog_5   
0000cd82  __mspabi_func_epilog_6   
0000cd80  __mspabi_func_epilog_7   
0000cd14  __mspabi_mpyi            
0000cd14  __mspabi_mpyi_sw         
0000cc8c  __mspabi_mpyl            
0000cc8c  __mspabi_mpyl_sw         
0000ccea  __mspabi_remu            
0000c86c  __mspabi_remul           
0000cc3a  __mspabi_slli            
0000cc62  __mspabi_slli_1          
0000cc50  __mspabi_slli_10         
0000cc4e  __mspabi_slli_11         
0000cc4c  __mspabi_slli_12         
0000cc4a  __mspabi_slli_13         
0000cc48  __mspabi_slli_14         
0000cc46  __mspabi_slli_15         
0000cc60  __mspabi_slli_2          
0000cc5e  __mspabi_slli_3          
0000cc5c  __mspabi_slli_4          
0000cc5a  __mspabi_slli_5          
0000cc58  __mspabi_slli_6          
0000cc56  __mspabi_slli_7          
0000cc54  __mspabi_slli_8          
0000cc52  __mspabi_slli_9          
0000c9da  __mspabi_slll_1          
0000c9b6  __mspabi_slll_10         
0000c9b2  __mspabi_slll_11         
0000c9ae  __mspabi_slll_12         
0000c9aa  __mspabi_slll_13         
0000c9a6  __mspabi_slll_14         
0000c9a2  __mspabi_slll_15         
0000c9d6  __mspabi_slll_2          
0000c9d2  __mspabi_slll_3          
0000c9ce  __mspabi_slll_4          
0000c9ca  __mspabi_slll_5          
0000c9c6  __mspabi_slll_6          
0000c9c2  __mspabi_slll_7          
0000c9be  __mspabi_slll_8          
0000c9ba  __mspabi_slll_9          
0000c914  __mspabi_srli            
0000c95a  __mspabi_srli_1          
0000c936  __mspabi_srli_10         
0000c932  __mspabi_srli_11         
0000c92e  __mspabi_srli_12         
0000c92a  __mspabi_srli_13         
0000c926  __mspabi_srli_14         
0000c922  __mspabi_srli_15         
0000c956  __mspabi_srli_2          
0000c952  __mspabi_srli_3          
0000c94e  __mspabi_srli_4          
0000c94a  __mspabi_srli_5          
0000c946  __mspabi_srli_6          
0000c942  __mspabi_srli_7          
0000c93e  __mspabi_srli_8          
0000c93a  __mspabi_srli_9          
0000c80a  __mspabi_srll_1          
0000c7d4  __mspabi_srll_10         
0000c7ce  __mspabi_srll_11         
0000c7c8  __mspabi_srll_12         
0000c7c2  __mspabi_srll_13         
0000c7bc  __mspabi_srll_14         
0000c7b6  __mspabi_srll_15         
0000c804  __mspabi_srll_2          
0000c7fe  __mspabi_srll_3          
0000c7f8  __mspabi_srll_4          
0000c7f2  __mspabi_srll_5          
0000c7ec  __mspabi_srll_6          
0000c7e6  __mspabi_srll_7          
0000c7e0  __mspabi_srll_8          
0000c7da  __mspabi_srll_9          
0000c6de  _auto_init               
0000ccd0  _c_int00_noargs_noexit   
0000fffe  _reset_vector            
000003b0  _stack                   
0000cdec  _system_post_cinit       
0000cde8  _system_pre_init         
0000cddc  abort                    
0000c812  copy_in                  
0000cde2  i2c_busy                 
0000ca1e  i2c_read                 
0000cc66  i2c_write                
0000c8c4  init_i2c                 
0000cbda  init_uart                
0000c1fa  main                     
0000cd3a  memcpy                   
0000cd4c  normalizar               
0000cd5e  print_uart               
0000c49a  printf_uart              
0000cdb8  putchar_uart             
0000ccb2  rx_interrupt             
0000cdc4  timer_interrupt          
0000c000  tsl2561_get_lux          
0000cace  tsl2561_set_gain_int_time
0000c5de  tx_interrupt             


GLOBAL SYMBOLS: SORTED BY Symbol Address 

address   name                     
-------   ----                     
00000000  IE1                      
00000001  IE2                      
00000002  IFG1                     
00000003  IFG2                     
00000010  P3REN                    
00000018  P3IN                     
00000019  P3OUT                    
0000001a  P3DIR                    
0000001b  P3SEL                    
00000020  P1IN                     
00000021  P1OUT                    
00000022  P1DIR                    
00000023  P1IFG                    
00000024  P1IES                    
00000025  P1IE                     
00000026  P1SEL                    
00000027  P1REN                    
00000028  P2IN                     
00000029  P2OUT                    
0000002a  P2DIR                    
0000002b  P2IFG                    
0000002c  P2IES                    
0000002d  P2IE                     
0000002e  P2SEL                    
0000002f  P2REN                    
00000041  P1SEL2                   
00000042  P2SEL2                   
00000043  P3SEL2                   
00000048  ADC10DTC0                
00000049  ADC10DTC1                
0000004a  ADC10AE0                 
00000050  __STACK_SIZE             
00000053  BCSCTL3                  
00000056  DCOCTL                   
00000057  BCSCTL1                  
00000058  BCSCTL2                  
00000059  CACTL1                   
0000005a  CACTL2                   
0000005b  CAPD                     
0000005d  UCA0ABCTL                
0000005e  UCA0IRTCTL               
0000005f  UCA0IRRCTL               
00000060  UCA0CTL0                 
00000061  UCA0CTL1                 
00000062  UCA0BR0                  
00000063  UCA0BR1                  
00000064  UCA0MCTL                 
00000065  UCA0STAT                 
00000066  UCA0RXBUF                
00000067  UCA0TXBUF                
00000068  UCB0CTL0                 
00000069  UCB0CTL1                 
0000006a  UCB0BR0                  
0000006b  UCB0BR1                  
0000006c  UCB0I2CIE                
0000006d  UCB0STAT                 
0000006e  UCB0RXBUF                
0000006f  UCB0TXBUF                
00000118  UCB0I2COA                
0000011a  UCB0I2CSA                
0000011e  TA1IV                    
00000120  WDTCTL                   
00000128  FCTL1                    
0000012a  FCTL2                    
0000012c  FCTL3                    
0000012e  TA0IV                    
00000160  TA0CTL                   
00000162  TA0CCTL0                 
00000164  TA0CCTL1                 
00000166  TA0CCTL2                 
00000170  TA0R                     
00000172  TA0CCR0                  
00000174  TA0CCR1                  
00000176  TA0CCR2                  
00000180  TA1CTL                   
00000182  TA1CCTL0                 
00000184  TA1CCTL1                 
00000186  TA1CCTL2                 
00000190  TA1R                     
00000192  TA1CCR0                  
00000194  TA1CCR1                  
00000196  TA1CCR2                  
000001b0  ADC10CTL0                
000001b2  ADC10CTL1                
000001b4  ADC10MEM                 
000001bc  ADC10SA                  
000003b0  _stack                   
00000400  __STACK_END              
000010c0  TLV_CHECKSUM             
000010da  TLV_ADC10_1_TAG          
000010db  TLV_ADC10_1_LEN          
000010f6  TLV_DCO_30_TAG           
000010f7  TLV_DCO_30_LEN           
000010f8  CALDCO_16MHZ             
000010f9  CALBC1_16MHZ             
000010fa  CALDCO_12MHZ             
000010fb  CALBC1_12MHZ             
000010fc  CALDCO_8MHZ              
000010fd  CALBC1_8MHZ              
000010fe  CALDCO_1MHZ              
000010ff  CALBC1_1MHZ              
0000c000  tsl2561_get_lux          
0000c1fa  main                     
0000c2e0  MMA8451OverSampling      
0000c3be  __mspabi_cmpd            
0000c49a  printf_uart              
0000c554  __mspabi_fltuld          
0000c5de  tx_interrupt             
0000c662  __TI_decompress_lzss     
0000c6de  _auto_init               
0000c74c  MMA8451DataRate          
0000c7b6  __mspabi_srll_15         
0000c7bc  __mspabi_srll_14         
0000c7c2  __mspabi_srll_13         
0000c7c8  __mspabi_srll_12         
0000c7ce  __mspabi_srll_11         
0000c7d4  __mspabi_srll_10         
0000c7da  __mspabi_srll_9          
0000c7e0  __mspabi_srll_8          
0000c7e6  __mspabi_srll_7          
0000c7ec  __mspabi_srll_6          
0000c7f2  __mspabi_srll_5          
0000c7f8  __mspabi_srll_4          
0000c7fe  __mspabi_srll_3          
0000c804  __mspabi_srll_2          
0000c80a  __mspabi_srll_1          
0000c812  copy_in                  
0000c86c  __mspabi_divul           
0000c86c  __mspabi_remul           
0000c8c4  init_i2c                 
0000c914  __mspabi_srli            
0000c922  __mspabi_srli_15         
0000c926  __mspabi_srli_14         
0000c92a  __mspabi_srli_13         
0000c92e  __mspabi_srli_12         
0000c932  __mspabi_srli_11         
0000c936  __mspabi_srli_10         
0000c93a  __mspabi_srli_9          
0000c93e  __mspabi_srli_8          
0000c942  __mspabi_srli_7          
0000c946  __mspabi_srli_6          
0000c94a  __mspabi_srli_5          
0000c94e  __mspabi_srli_4          
0000c952  __mspabi_srli_3          
0000c956  __mspabi_srli_2          
0000c95a  __mspabi_srli_1          
0000c960  MMA8451Reset             
0000c9a2  __mspabi_slll_15         
0000c9a6  __mspabi_slll_14         
0000c9aa  __mspabi_slll_13         
0000c9ae  __mspabi_slll_12         
0000c9b2  __mspabi_slll_11         
0000c9b6  __mspabi_slll_10         
0000c9ba  __mspabi_slll_9          
0000c9be  __mspabi_slll_8          
0000c9c2  __mspabi_slll_7          
0000c9c6  __mspabi_slll_6          
0000c9ca  __mspabi_slll_5          
0000c9ce  __mspabi_slll_4          
0000c9d2  __mspabi_slll_3          
0000c9d6  __mspabi_slll_2          
0000c9da  __mspabi_slll_1          
0000ca1e  i2c_read                 
0000ca5a  MMA8451_2g               
0000cace  tsl2561_set_gain_int_time
0000cb3e  MMA8451Active            
0000cb72  MMA8451Init              
0000cba6  MMA8451StandBy           
0000cbda  init_uart                
0000cc3a  __mspabi_slli            
0000cc46  __mspabi_slli_15         
0000cc48  __mspabi_slli_14         
0000cc4a  __mspabi_slli_13         
0000cc4c  __mspabi_slli_12         
0000cc4e  __mspabi_slli_11         
0000cc50  __mspabi_slli_10         
0000cc52  __mspabi_slli_9          
0000cc54  __mspabi_slli_8          
0000cc56  __mspabi_slli_7          
0000cc58  __mspabi_slli_6          
0000cc5a  __mspabi_slli_5          
0000cc5c  __mspabi_slli_4          
0000cc5e  __mspabi_slli_3          
0000cc60  __mspabi_slli_2          
0000cc62  __mspabi_slli_1          
0000cc66  i2c_write                
0000cc8c  __mspabi_mpyl            
0000cc8c  __mspabi_mpyl_sw         
0000ccb2  rx_interrupt             
0000ccd0  _c_int00_noargs_noexit   
0000ccea  __mspabi_divu            
0000ccea  __mspabi_remu            
0000cd00  __TI_zero_init           
0000cd14  __mspabi_mpyi            
0000cd14  __mspabi_mpyi_sw         
0000cd28  __TI_decompress_none     
0000cd3a  memcpy                   
0000cd4c  normalizar               
0000cd5e  print_uart               
0000cd70  MMA8451OrientDetect      
0000cd80  __mspabi_func_epilog_7   
0000cd82  __mspabi_func_epilog_6   
0000cd84  __mspabi_func_epilog_5   
0000cd86  __mspabi_func_epilog_4   
0000cd88  __mspabi_func_epilog_3   
0000cd8a  __mspabi_func_epilog_2   
0000cd8c  __mspabi_func_epilog_1   
0000cd90  MMA8451GetYAxis          
0000cd9e  MMA8451GetZAxis          
0000cdac  MMA8451GetXAxis          
0000cdb8  putchar_uart             
0000cdc4  timer_interrupt          
0000cdce  __TI_ISR_TRAP            
0000cdd6  MMA8451SetDeviceAddr     
0000cddc  C$$EXIT                  
0000cddc  abort                    
0000cde2  i2c_busy                 
0000cde8  _system_pre_init         
0000cdec  _system_post_cinit       
0000ce02  __TI_Handler_Table_Base  
0000ce08  __TI_Handler_Table_Limit 
0000ce0c  __TI_CINIT_Base          
0000ce14  __TI_CINIT_Limit         
0000ffe0  __TI_int00               
0000ffe4  __TI_int02               
0000ffe6  __TI_int03               
0000ffea  __TI_int05               
0000ffec  __TI_int06               
0000ffee  __TI_int07               
0000fff0  __TI_int08               
0000fff2  __TI_int09               
0000fff4  __TI_int10               
0000fff6  __TI_int11               
0000fff8  __TI_int12               
0000fffa  __TI_int13               
0000fffc  __TI_int14               
0000fffe  _reset_vector            
ffffffff  __TI_pprof_out_hndl      
ffffffff  __TI_prof_data_size      
ffffffff  __TI_prof_data_start     
ffffffff  __c_args__               
UNDEFED   __TI_BINIT_Base          
UNDEFED   __TI_BINIT_Limit         
UNDEFED   __TI_INITARRAY_Base      
UNDEFED   __TI_INITARRAY_Limit     

[245 symbols]
