******************************************************************************
                  MSP430 Linker PC v16.9.7                     
******************************************************************************
>> Linked Tue Jul 03 17:19:10 2018

OUTPUT FILE NAME:   <acelerometro.out>
ENTRY POINT SYMBOL: "_c_int00_noargs_noexit"  address: 0000ce00


MEMORY CONFIGURATION

         name            origin    length      used     unused   attr    fill
----------------------  --------  ---------  --------  --------  ----  --------
  SFR                   00000000   00000010  00000000  00000010  RWIX
  PERIPHERALS_8BIT      00000010   000000f0  00000000  000000f0  RWIX
  PERIPHERALS_16BIT     00000100   00000100  00000000  00000100  RWIX
  RAM                   00000200   00000200  0000006f  00000191  RWIX
  INFOD                 00001000   00000040  00000000  00000040  RWIX
  INFOC                 00001040   00000040  00000000  00000040  RWIX
  INFOB                 00001080   00000040  00000000  00000040  RWIX
  INFOA                 000010c0   00000040  00000000  00000040  RWIX
  FLASH                 0000c000   00003fde  000011ba  00002e24  RWIX
  BSLSIGNATURE          0000ffde   00000002  00000002  00000000  RWIX  ffff 
  INT00                 0000ffe0   00000002  00000002  00000000  RWIX
  INT01                 0000ffe2   00000002  00000000  00000002  RWIX
  INT02                 0000ffe4   00000002  00000002  00000000  RWIX
  INT03                 0000ffe6   00000002  00000002  00000000  RWIX
  INT04                 0000ffe8   00000002  00000000  00000002  RWIX
  INT05                 0000ffea   00000002  00000002  00000000  RWIX
  INT06                 0000ffec   00000002  00000002  00000000  RWIX
  INT07                 0000ffee   00000002  00000002  00000000  RWIX
  INT08                 0000fff0   00000002  00000002  00000000  RWIX
  INT09                 0000fff2   00000002  00000002  00000000  RWIX
  INT10                 0000fff4   00000002  00000002  00000000  RWIX
  INT11                 0000fff6   00000002  00000002  00000000  RWIX
  INT12                 0000fff8   00000002  00000002  00000000  RWIX
  INT13                 0000fffa   00000002  00000002  00000000  RWIX
  INT14                 0000fffc   00000002  00000002  00000000  RWIX
  RESET                 0000fffe   00000002  00000002  00000000  RWIX


SECTION ALLOCATION MAP

 output                                  attributes/
section   page    origin      length       input sections
--------  ----  ----------  ----------   ----------------
.bss       0    00000200    00000016     UNINITIALIZED
                  00000200    0000000e     i2c.obj (.bss)
                  0000020e    00000004     main.obj (.bss)
                  00000212    00000004     tsl2561.obj (.bss)

.data      0    00000216    00000009     UNINITIALIZED
                  00000216    00000003     PCD8544.obj (.data:stop)
                  00000219    00000002     PCD8544.obj (.data)
                  0000021b    00000002     main.obj (.data)
                  0000021d    00000002     mma8451.obj (.data)

.stack     0    000003b0    00000050     UNINITIALIZED
                  000003b0    00000002     rts430_eabi.lib : boot.obj (.stack)
                  000003b2    0000004e     --HOLE--

.text      0    0000c000    00000f7e     
                  0000c000    00000116     rts430_eabi.lib : _printfi_min.obj (.text:_setfield)
                  0000c116    000000e6                     : _printfi_min.obj (.text:__TI_printfi_minimal)
                  0000c1fc    000000de     mma8451.obj (.text:MMA8451OverSampling)
                  0000c2da    000000dc     rts430_eabi.lib : cmpd.obj (.text:__mspabi_cmpd)
                  0000c3b6    000000d8     main.obj (.text:main)
                  0000c48e    000000ca     rts430_eabi.lib : _printfi_min.obj (.text:_pproc_diouxp)
                  0000c558    000000b8     PCD8544.obj (.text:ShowAxisValue)
                  0000c610    0000008a     rts430_eabi.lib : fltuld.obj (.text:__mspabi_fltuld)
                  0000c69a    00000084     i2c.obj (.text:tx_interrupt)
                  0000c71e    00000080     PCD8544.obj (.text:initLCD)
                  0000c79e    0000007c     rts430_eabi.lib : copy_decompress_lzss.obj (.text:decompress:lzss:__TI_decompress_lzss)
                  0000c81a    0000006e                     : autoinit.obj (.text:_auto_init)
                  0000c888    0000006a     mma8451.obj (.text:MMA8451DataRate)
                  0000c8f2    0000005c     rts430_eabi.lib : lsr32.obj (.text:l_lsr_const)
                  0000c94e    0000005a                     : cpy_tbl.obj (.text:copy_in)
                  0000c9a8    00000050     i2c.obj (.text:init_i2c)
                  0000c9f8    0000004c     rts430_eabi.lib : lsr16.obj (.text)
                  0000ca44    00000042     mma8451.obj (.text:MMA8451Reset)
                  0000ca86    00000042     PCD8544.obj (.text:paso)
                  0000cac8    0000003e     rts430_eabi.lib : lsl32.obj (.text:l_lsl_const)
                  0000cb06    0000003e     mma8451.obj (.text:read_byte)
                  0000cb44    0000003c     i2c.obj (.text:i2c_read)
                  0000cb80    0000003c     PCD8544.obj (.text:writeCharToLCD)
                  0000cbbc    0000003a     mma8451.obj (.text:MMA8451_2g)
                  0000cbf6    0000003a     tsl2561.obj (.text:tsl2561_set_gain_int_time)
                  0000cc30    00000038     rts430_eabi.lib : sprintf.obj (.text:sprintf)
                  0000cc68    00000034     mma8451.obj (.text:MMA8451Active)
                  0000cc9c    00000034     mma8451.obj (.text:MMA8451Init)
                  0000ccd0    00000034     mma8451.obj (.text:MMA8451StandBy)
                  0000cd04    0000002c     rts430_eabi.lib : lsl16.obj (.text)
                  0000cd30    0000002a     PCD8544.obj (.text:clearLCD)
                  0000cd5a    00000026     i2c.obj (.text:i2c_write)
                  0000cd80    00000022     PCD8544.obj (.text:writeToLCD)
                  0000cda2    00000020     PCD8544.obj (.text:punto)
                  0000cdc2    00000020     PCD8544.obj (.text:setAddr)
                  0000cde2    0000001e     i2c.obj (.text:rx_interrupt)
                  0000ce00    0000001a     rts430_eabi.lib : boot_special.obj (.text:_c_int00_noargs_noexit)
                  0000ce1a    0000001a                     : sprintf.obj (.text:_outs)
                  0000ce34    0000001a                     : memccpy.obj (.text:memccpy)
                  0000ce4e    00000016                     : div16u.obj (.text)
                  0000ce64    00000016     PCD8544.obj (.text:writeStringToLCD)
                  0000ce7a    00000014     rts430_eabi.lib : copy_zero_init.obj (.text:decompress:ZI:__TI_zero_init)
                  0000ce8e    00000014                     : memset.obj (.text:memset)
                  0000cea2    00000014                     : mult16.obj (.text)
                  0000ceb6    00000012                     : sprintf.obj (.text:_outc)
                  0000cec8    00000012                     : copy_decompress_none.obj (.text:decompress:none:__TI_decompress_none)
                  0000ceda    00000012                     : memcpy.obj (.text:memcpy)
                  0000ceec    00000012     main.obj (.text:normalizar)
                  0000cefe    00000010     mma8451.obj (.text:MMA8451OrientDetect)
                  0000cf0e    00000010     rts430_eabi.lib : epilog.obj (.text)
                  0000cf1e    0000000e     mma8451.obj (.text:MMA8451GetYAxis)
                  0000cf2c    0000000e     mma8451.obj (.text:MMA8451GetZAxis)
                  0000cf3a    0000000e     rts430_eabi.lib : strlen.obj (.text:strlen)
                  0000cf48    0000000c     mma8451.obj (.text:MMA8451GetXAxis)
                  0000cf54    0000000a     main.obj (.text:timer_interrupt)
                  0000cf5e    00000008     rts430_eabi.lib : isr_trap.obj (.text:_isr:__TI_ISR_TRAP)
                  0000cf66    00000006     mma8451.obj (.text:MMA8451SetDeviceAddr)
                  0000cf6c    00000006     rts430_eabi.lib : exit.obj (.text:abort)
                  0000cf72    00000006     i2c.obj (.text:i2c_busy)
                  0000cf78    00000004     rts430_eabi.lib : pre_init.obj (.text:_system_pre_init)
                  0000cf7c    00000002                     : startup.obj (.text:_system_post_cinit)

.binit     0    0000c000    00000000     

.const     0    0000cf7e    0000021e     
                  0000cf7e    000001e0     PCD8544.obj (.const:font)
                  0000d15e    0000002a     PCD8544.obj (.const:.string)
                  0000d188    00000014     rts430_eabi.lib : _printfi_min.obj (.const:.string)

.cinit     0    0000d19c    0000001e     
                  0000d19c    0000000c     (.cinit..data.load) [load image, compression = lzss]
                  0000d1a8    00000006     (__TI_handler_table)
                  0000d1ae    00000004     (.cinit..bss.load) [load image, compression = zero_init]
                  0000d1b2    00000008     (__TI_cinit_table)

.init_array 
*          0    0000c000    00000000     UNINITIALIZED

TRAPINT    0    0000ffe0    00000002     
                  0000ffe0    00000002     rts430_eabi.lib : int00.obj (.int00)

PORT1      0    0000ffe4    00000002     
                  0000ffe4    00000002     rts430_eabi.lib : int02.obj (.int02)

PORT2      0    0000ffe6    00000002     
                  0000ffe6    00000002     rts430_eabi.lib : int03.obj (.int03)

$fill000   0    0000ffde    00000002     
                  0000ffde    00000002     --HOLE-- [fill = ffff]

ADC10      0    0000ffea    00000002     
                  0000ffea    00000002     rts430_eabi.lib : int05.obj (.int05)

USCIAB0TX 
*          0    0000ffec    00000002     
                  0000ffec    00000002     i2c.obj (.int06)

USCIAB0RX 
*          0    0000ffee    00000002     
                  0000ffee    00000002     i2c.obj (.int07)

TIMER0_A1 
*          0    0000fff0    00000002     
                  0000fff0    00000002     rts430_eabi.lib : int08.obj (.int08)

TIMER0_A0 
*          0    0000fff2    00000002     
                  0000fff2    00000002     main.obj (.int09)

WDT        0    0000fff4    00000002     
                  0000fff4    00000002     rts430_eabi.lib : int10.obj (.int10)

COMPARATORA 
*          0    0000fff6    00000002     
                  0000fff6    00000002     rts430_eabi.lib : int11.obj (.int11)

TIMER1_A1 
*          0    0000fff8    00000002     
                  0000fff8    00000002     rts430_eabi.lib : int12.obj (.int12)

TIMER1_A0 
*          0    0000fffa    00000002     
                  0000fffa    00000002     rts430_eabi.lib : int13.obj (.int13)

NMI        0    0000fffc    00000002     
                  0000fffc    00000002     rts430_eabi.lib : int14.obj (.int14)

.reset     0    0000fffe    00000002     
                  0000fffe    00000002     rts430_eabi.lib : boot.obj (.reset)

MODULE SUMMARY

       Module                     code   ro data   rw data
       ------                     ----   -------   -------
    .\
       PCD8544.obj                600    522       5      
       mma8451.obj                732    0         2      
       i2c.obj                    346    4         14     
       main.obj                   244    2         6      
       tsl2561.obj                58     0         4      
    +--+--------------------------+------+---------+---------+
       Total:                     1980   528       31     
                                                          
    C:\ti\ccsv7\tools\compiler\ti-cgt-msp430_16.9.7.LTS\lib\rts430_eabi.lib
       _printfi_min.obj           710    20        0      
       cmpd.obj                   220    0         0      
       fltuld.obj                 138    0         0      
       copy_decompress_lzss.obj   124    0         0      
       autoinit.obj               110    0         0      
       sprintf.obj                100    0         0      
       lsr32.obj                  92     0         0      
       cpy_tbl.obj                90     0         0      
       lsr16.obj                  76     0         0      
       lsl32.obj                  62     0         0      
       lsl16.obj                  44     0         0      
       boot_special.obj           26     0         0      
       memccpy.obj                26     0         0      
       div16u.obj                 22     0         0      
       copy_zero_init.obj         20     0         0      
       memset.obj                 20     0         0      
       mult16.obj                 20     0         0      
       copy_decompress_none.obj   18     0         0      
       memcpy.obj                 18     0         0      
       epilog.obj                 16     0         0      
       strlen.obj                 14     0         0      
       isr_trap.obj               8      0         0      
       exit.obj                   6      0         0      
       pre_init.obj               4      0         0      
       boot.obj                   0      2         0      
       int00.obj                  0      2         0      
       int02.obj                  0      2         0      
       int03.obj                  0      2         0      
       int05.obj                  0      2         0      
       int08.obj                  0      2         0      
       int10.obj                  0      2         0      
       int11.obj                  0      2         0      
       int12.obj                  0      2         0      
       int13.obj                  0      2         0      
       int14.obj                  0      2         0      
       startup.obj                2      0         0      
    +--+--------------------------+------+---------+---------+
       Total:                     1986   42        0      
                                                          
       Stack:                     0      0         80     
       Linker Generated:          0      30        0      
    +--+--------------------------+------+---------+---------+
       Grand Total:               3966   600       111    


LINKER GENERATED COPY TABLES

__TI_cinit_table @ 0000d1b2 records: 2, size/record: 4, table size: 8
	.data: load addr=0000d19c, load size=0000000c bytes, run addr=00000216, run size=00000009 bytes, compression=lzss
	.bss: load addr=0000d1ae, load size=00000004 bytes, run addr=00000200, run size=00000016 bytes, compression=zero_init


LINKER GENERATED HANDLER TABLE

__TI_handler_table @ 0000d1a8 records: 3, size/record: 2, table size: 6
	index: 0, handler: __TI_zero_init
	index: 1, handler: __TI_decompress_lzss
	index: 2, handler: __TI_decompress_none


GLOBAL SYMBOLS: SORTED ALPHABETICALLY BY Name 

address   name                     
-------   ----                     
0000004a  ADC10AE0                 
000001b0  ADC10CTL0                
000001b2  ADC10CTL1                
00000048  ADC10DTC0                
00000049  ADC10DTC1                
000001b4  ADC10MEM                 
000001bc  ADC10SA                  
00000057  BCSCTL1                  
00000058  BCSCTL2                  
00000053  BCSCTL3                  
0000cf6c  C$$EXIT                  
00000059  CACTL1                   
0000005a  CACTL2                   
000010fb  CALBC1_12MHZ             
000010f9  CALBC1_16MHZ             
000010ff  CALBC1_1MHZ              
000010fd  CALBC1_8MHZ              
000010fa  CALDCO_12MHZ             
000010f8  CALDCO_16MHZ             
000010fe  CALDCO_1MHZ              
000010fc  CALDCO_8MHZ              
0000005b  CAPD                     
00000056  DCOCTL                   
00000128  FCTL1                    
0000012a  FCTL2                    
0000012c  FCTL3                    
00000000  IE1                      
00000001  IE2                      
00000002  IFG1                     
00000003  IFG2                     
0000cc68  MMA8451Active            
0000c888  MMA8451DataRate          
0000cf48  MMA8451GetXAxis          
0000cf1e  MMA8451GetYAxis          
0000cf2c  MMA8451GetZAxis          
0000cc9c  MMA8451Init              
0000cefe  MMA8451OrientDetect      
0000c1fc  MMA8451OverSampling      
0000ca44  MMA8451Reset             
0000cf66  MMA8451SetDeviceAddr     
0000ccd0  MMA8451StandBy           
0000cbbc  MMA8451_2g               
00000022  P1DIR                    
00000025  P1IE                     
00000024  P1IES                    
00000023  P1IFG                    
00000020  P1IN                     
00000021  P1OUT                    
00000027  P1REN                    
00000026  P1SEL                    
00000041  P1SEL2                   
0000002a  P2DIR                    
0000002d  P2IE                     
0000002c  P2IES                    
0000002b  P2IFG                    
00000028  P2IN                     
00000029  P2OUT                    
0000002f  P2REN                    
0000002e  P2SEL                    
00000042  P2SEL2                   
0000001a  P3DIR                    
00000018  P3IN                     
00000019  P3OUT                    
00000010  P3REN                    
0000001b  P3SEL                    
00000043  P3SEL2                   
0000c558  ShowAxisValue            
00000172  TA0CCR0                  
00000174  TA0CCR1                  
00000176  TA0CCR2                  
00000162  TA0CCTL0                 
00000164  TA0CCTL1                 
00000166  TA0CCTL2                 
00000160  TA0CTL                   
0000012e  TA0IV                    
00000170  TA0R                     
00000192  TA1CCR0                  
00000194  TA1CCR1                  
00000196  TA1CCR2                  
00000182  TA1CCTL0                 
00000184  TA1CCTL1                 
00000186  TA1CCTL2                 
00000180  TA1CTL                   
0000011e  TA1IV                    
00000190  TA1R                     
000010db  TLV_ADC10_1_LEN          
000010da  TLV_ADC10_1_TAG          
000010c0  TLV_CHECKSUM             
000010f7  TLV_DCO_30_LEN           
000010f6  TLV_DCO_30_TAG           
0000005d  UCA0ABCTL                
00000062  UCA0BR0                  
00000063  UCA0BR1                  
00000060  UCA0CTL0                 
00000061  UCA0CTL1                 
0000005f  UCA0IRRCTL               
0000005e  UCA0IRTCTL               
00000064  UCA0MCTL                 
00000066  UCA0RXBUF                
00000065  UCA0STAT                 
00000067  UCA0TXBUF                
0000006a  UCB0BR0                  
0000006b  UCB0BR1                  
00000068  UCB0CTL0                 
00000069  UCB0CTL1                 
0000006c  UCB0I2CIE                
00000118  UCB0I2COA                
0000011a  UCB0I2CSA                
0000006e  UCB0RXBUF                
0000006d  UCB0STAT                 
0000006f  UCB0TXBUF                
00000120  WDTCTL                   
00000400  __STACK_END              
00000050  __STACK_SIZE             
UNDEFED   __TI_BINIT_Base          
UNDEFED   __TI_BINIT_Limit         
0000d1b2  __TI_CINIT_Base          
0000d1ba  __TI_CINIT_Limit         
0000d1a8  __TI_Handler_Table_Base  
0000d1ae  __TI_Handler_Table_Limit 
UNDEFED   __TI_INITARRAY_Base      
UNDEFED   __TI_INITARRAY_Limit     
0000cf5e  __TI_ISR_TRAP            
0000c79e  __TI_decompress_lzss     
0000cec8  __TI_decompress_none     
0000ffe0  __TI_int00               
0000ffe4  __TI_int02               
0000ffe6  __TI_int03               
0000ffea  __TI_int05               
0000ffec  __TI_int06               
0000ffee  __TI_int07               
0000fff0  __TI_int08               
0000fff2  __TI_int09               
0000fff4  __TI_int10               
0000fff6  __TI_int11               
0000fff8  __TI_int12               
0000fffa  __TI_int13               
0000fffc  __TI_int14               
ffffffff  __TI_pprof_out_hndl      
0000c116  __TI_printfi_minimal     
ffffffff  __TI_prof_data_size      
ffffffff  __TI_prof_data_start     
0000ce7a  __TI_zero_init           
ffffffff  __c_args__               
0000c2da  __mspabi_cmpd            
0000ce4e  __mspabi_divu            
0000c610  __mspabi_fltuld          
0000cf1a  __mspabi_func_epilog_1   
0000cf18  __mspabi_func_epilog_2   
0000cf16  __mspabi_func_epilog_3   
0000cf14  __mspabi_func_epilog_4   
0000cf12  __mspabi_func_epilog_5   
0000cf10  __mspabi_func_epilog_6   
0000cf0e  __mspabi_func_epilog_7   
0000cea2  __mspabi_mpyi            
0000cea2  __mspabi_mpyi_sw         
0000ce4e  __mspabi_remu            
0000cd04  __mspabi_slli            
0000cd2c  __mspabi_slli_1          
0000cd1a  __mspabi_slli_10         
0000cd18  __mspabi_slli_11         
0000cd16  __mspabi_slli_12         
0000cd14  __mspabi_slli_13         
0000cd12  __mspabi_slli_14         
0000cd10  __mspabi_slli_15         
0000cd2a  __mspabi_slli_2          
0000cd28  __mspabi_slli_3          
0000cd26  __mspabi_slli_4          
0000cd24  __mspabi_slli_5          
0000cd22  __mspabi_slli_6          
0000cd20  __mspabi_slli_7          
0000cd1e  __mspabi_slli_8          
0000cd1c  __mspabi_slli_9          
0000cb00  __mspabi_slll_1          
0000cadc  __mspabi_slll_10         
0000cad8  __mspabi_slll_11         
0000cad4  __mspabi_slll_12         
0000cad0  __mspabi_slll_13         
0000cacc  __mspabi_slll_14         
0000cac8  __mspabi_slll_15         
0000cafc  __mspabi_slll_2          
0000caf8  __mspabi_slll_3          
0000caf4  __mspabi_slll_4          
0000caf0  __mspabi_slll_5          
0000caec  __mspabi_slll_6          
0000cae8  __mspabi_slll_7          
0000cae4  __mspabi_slll_8          
0000cae0  __mspabi_slll_9          
0000c9f8  __mspabi_srli            
0000ca3e  __mspabi_srli_1          
0000ca1a  __mspabi_srli_10         
0000ca16  __mspabi_srli_11         
0000ca12  __mspabi_srli_12         
0000ca0e  __mspabi_srli_13         
0000ca0a  __mspabi_srli_14         
0000ca06  __mspabi_srli_15         
0000ca3a  __mspabi_srli_2          
0000ca36  __mspabi_srli_3          
0000ca32  __mspabi_srli_4          
0000ca2e  __mspabi_srli_5          
0000ca2a  __mspabi_srli_6          
0000ca26  __mspabi_srli_7          
0000ca22  __mspabi_srli_8          
0000ca1e  __mspabi_srli_9          
0000c946  __mspabi_srll_1          
0000c910  __mspabi_srll_10         
0000c90a  __mspabi_srll_11         
0000c904  __mspabi_srll_12         
0000c8fe  __mspabi_srll_13         
0000c8f8  __mspabi_srll_14         
0000c8f2  __mspabi_srll_15         
0000c940  __mspabi_srll_2          
0000c93a  __mspabi_srll_3          
0000c934  __mspabi_srll_4          
0000c92e  __mspabi_srll_5          
0000c928  __mspabi_srll_6          
0000c922  __mspabi_srll_7          
0000c91c  __mspabi_srll_8          
0000c916  __mspabi_srll_9          
0000c81a  _auto_init               
0000ce00  _c_int00_noargs_noexit   
0000fffe  _reset_vector            
000003b0  _stack                   
0000cf7c  _system_post_cinit       
0000cf78  _system_pre_init         
0000cf6c  abort                    
0000cd30  clearLCD                 
0000c94e  copy_in                  
0000cf72  i2c_busy                 
0000cb44  i2c_read                 
0000cd5a  i2c_write                
0000c71e  initLCD                  
0000c9a8  init_i2c                 
0000c3b6  main                     
0000ce34  memccpy                  
0000ceda  memcpy                   
0000ce8e  memset                   
0000ceec  normalizar               
0000ca86  paso                     
0000cda2  punto                    
0000cde2  rx_interrupt             
0000cdc2  setAddr                  
0000cc30  sprintf                  
0000cf3a  strlen                   
0000cf54  timer_interrupt          
0000cbf6  tsl2561_set_gain_int_time
0000c69a  tx_interrupt             
0000cb80  writeCharToLCD           
0000ce64  writeStringToLCD         
0000cd80  writeToLCD               


GLOBAL SYMBOLS: SORTED BY Symbol Address 

address   name                     
-------   ----                     
00000000  IE1                      
00000001  IE2                      
00000002  IFG1                     
00000003  IFG2                     
00000010  P3REN                    
00000018  P3IN                     
00000019  P3OUT                    
0000001a  P3DIR                    
0000001b  P3SEL                    
00000020  P1IN                     
00000021  P1OUT                    
00000022  P1DIR                    
00000023  P1IFG                    
00000024  P1IES                    
00000025  P1IE                     
00000026  P1SEL                    
00000027  P1REN                    
00000028  P2IN                     
00000029  P2OUT                    
0000002a  P2DIR                    
0000002b  P2IFG                    
0000002c  P2IES                    
0000002d  P2IE                     
0000002e  P2SEL                    
0000002f  P2REN                    
00000041  P1SEL2                   
00000042  P2SEL2                   
00000043  P3SEL2                   
00000048  ADC10DTC0                
00000049  ADC10DTC1                
0000004a  ADC10AE0                 
00000050  __STACK_SIZE             
00000053  BCSCTL3                  
00000056  DCOCTL                   
00000057  BCSCTL1                  
00000058  BCSCTL2                  
00000059  CACTL1                   
0000005a  CACTL2                   
0000005b  CAPD                     
0000005d  UCA0ABCTL                
0000005e  UCA0IRTCTL               
0000005f  UCA0IRRCTL               
00000060  UCA0CTL0                 
00000061  UCA0CTL1                 
00000062  UCA0BR0                  
00000063  UCA0BR1                  
00000064  UCA0MCTL                 
00000065  UCA0STAT                 
00000066  UCA0RXBUF                
00000067  UCA0TXBUF                
00000068  UCB0CTL0                 
00000069  UCB0CTL1                 
0000006a  UCB0BR0                  
0000006b  UCB0BR1                  
0000006c  UCB0I2CIE                
0000006d  UCB0STAT                 
0000006e  UCB0RXBUF                
0000006f  UCB0TXBUF                
00000118  UCB0I2COA                
0000011a  UCB0I2CSA                
0000011e  TA1IV                    
00000120  WDTCTL                   
00000128  FCTL1                    
0000012a  FCTL2                    
0000012c  FCTL3                    
0000012e  TA0IV                    
00000160  TA0CTL                   
00000162  TA0CCTL0                 
00000164  TA0CCTL1                 
00000166  TA0CCTL2                 
00000170  TA0R                     
00000172  TA0CCR0                  
00000174  TA0CCR1                  
00000176  TA0CCR2                  
00000180  TA1CTL                   
00000182  TA1CCTL0                 
00000184  TA1CCTL1                 
00000186  TA1CCTL2                 
00000190  TA1R                     
00000192  TA1CCR0                  
00000194  TA1CCR1                  
00000196  TA1CCR2                  
000001b0  ADC10CTL0                
000001b2  ADC10CTL1                
000001b4  ADC10MEM                 
000001bc  ADC10SA                  
000003b0  _stack                   
00000400  __STACK_END              
000010c0  TLV_CHECKSUM             
000010da  TLV_ADC10_1_TAG          
000010db  TLV_ADC10_1_LEN          
000010f6  TLV_DCO_30_TAG           
000010f7  TLV_DCO_30_LEN           
000010f8  CALDCO_16MHZ             
000010f9  CALBC1_16MHZ             
000010fa  CALDCO_12MHZ             
000010fb  CALBC1_12MHZ             
000010fc  CALDCO_8MHZ              
000010fd  CALBC1_8MHZ              
000010fe  CALDCO_1MHZ              
000010ff  CALBC1_1MHZ              
0000c116  __TI_printfi_minimal     
0000c1fc  MMA8451OverSampling      
0000c2da  __mspabi_cmpd            
0000c3b6  main                     
0000c558  ShowAxisValue            
0000c610  __mspabi_fltuld          
0000c69a  tx_interrupt             
0000c71e  initLCD                  
0000c79e  __TI_decompress_lzss     
0000c81a  _auto_init               
0000c888  MMA8451DataRate          
0000c8f2  __mspabi_srll_15         
0000c8f8  __mspabi_srll_14         
0000c8fe  __mspabi_srll_13         
0000c904  __mspabi_srll_12         
0000c90a  __mspabi_srll_11         
0000c910  __mspabi_srll_10         
0000c916  __mspabi_srll_9          
0000c91c  __mspabi_srll_8          
0000c922  __mspabi_srll_7          
0000c928  __mspabi_srll_6          
0000c92e  __mspabi_srll_5          
0000c934  __mspabi_srll_4          
0000c93a  __mspabi_srll_3          
0000c940  __mspabi_srll_2          
0000c946  __mspabi_srll_1          
0000c94e  copy_in                  
0000c9a8  init_i2c                 
0000c9f8  __mspabi_srli            
0000ca06  __mspabi_srli_15         
0000ca0a  __mspabi_srli_14         
0000ca0e  __mspabi_srli_13         
0000ca12  __mspabi_srli_12         
0000ca16  __mspabi_srli_11         
0000ca1a  __mspabi_srli_10         
0000ca1e  __mspabi_srli_9          
0000ca22  __mspabi_srli_8          
0000ca26  __mspabi_srli_7          
0000ca2a  __mspabi_srli_6          
0000ca2e  __mspabi_srli_5          
0000ca32  __mspabi_srli_4          
0000ca36  __mspabi_srli_3          
0000ca3a  __mspabi_srli_2          
0000ca3e  __mspabi_srli_1          
0000ca44  MMA8451Reset             
0000ca86  paso                     
0000cac8  __mspabi_slll_15         
0000cacc  __mspabi_slll_14         
0000cad0  __mspabi_slll_13         
0000cad4  __mspabi_slll_12         
0000cad8  __mspabi_slll_11         
0000cadc  __mspabi_slll_10         
0000cae0  __mspabi_slll_9          
0000cae4  __mspabi_slll_8          
0000cae8  __mspabi_slll_7          
0000caec  __mspabi_slll_6          
0000caf0  __mspabi_slll_5          
0000caf4  __mspabi_slll_4          
0000caf8  __mspabi_slll_3          
0000cafc  __mspabi_slll_2          
0000cb00  __mspabi_slll_1          
0000cb44  i2c_read                 
0000cb80  writeCharToLCD           
0000cbbc  MMA8451_2g               
0000cbf6  tsl2561_set_gain_int_time
0000cc30  sprintf                  
0000cc68  MMA8451Active            
0000cc9c  MMA8451Init              
0000ccd0  MMA8451StandBy           
0000cd04  __mspabi_slli            
0000cd10  __mspabi_slli_15         
0000cd12  __mspabi_slli_14         
0000cd14  __mspabi_slli_13         
0000cd16  __mspabi_slli_12         
0000cd18  __mspabi_slli_11         
0000cd1a  __mspabi_slli_10         
0000cd1c  __mspabi_slli_9          
0000cd1e  __mspabi_slli_8          
0000cd20  __mspabi_slli_7          
0000cd22  __mspabi_slli_6          
0000cd24  __mspabi_slli_5          
0000cd26  __mspabi_slli_4          
0000cd28  __mspabi_slli_3          
0000cd2a  __mspabi_slli_2          
0000cd2c  __mspabi_slli_1          
0000cd30  clearLCD                 
0000cd5a  i2c_write                
0000cd80  writeToLCD               
0000cda2  punto                    
0000cdc2  setAddr                  
0000cde2  rx_interrupt             
0000ce00  _c_int00_noargs_noexit   
0000ce34  memccpy                  
0000ce4e  __mspabi_divu            
0000ce4e  __mspabi_remu            
0000ce64  writeStringToLCD         
0000ce7a  __TI_zero_init           
0000ce8e  memset                   
0000cea2  __mspabi_mpyi            
0000cea2  __mspabi_mpyi_sw         
0000cec8  __TI_decompress_none     
0000ceda  memcpy                   
0000ceec  normalizar               
0000cefe  MMA8451OrientDetect      
0000cf0e  __mspabi_func_epilog_7   
0000cf10  __mspabi_func_epilog_6   
0000cf12  __mspabi_func_epilog_5   
0000cf14  __mspabi_func_epilog_4   
0000cf16  __mspabi_func_epilog_3   
0000cf18  __mspabi_func_epilog_2   
0000cf1a  __mspabi_func_epilog_1   
0000cf1e  MMA8451GetYAxis          
0000cf2c  MMA8451GetZAxis          
0000cf3a  strlen                   
0000cf48  MMA8451GetXAxis          
0000cf54  timer_interrupt          
0000cf5e  __TI_ISR_TRAP            
0000cf66  MMA8451SetDeviceAddr     
0000cf6c  C$$EXIT                  
0000cf6c  abort                    
0000cf72  i2c_busy                 
0000cf78  _system_pre_init         
0000cf7c  _system_post_cinit       
0000d1a8  __TI_Handler_Table_Base  
0000d1ae  __TI_Handler_Table_Limit 
0000d1b2  __TI_CINIT_Base          
0000d1ba  __TI_CINIT_Limit         
0000ffe0  __TI_int00               
0000ffe4  __TI_int02               
0000ffe6  __TI_int03               
0000ffea  __TI_int05               
0000ffec  __TI_int06               
0000ffee  __TI_int07               
0000fff0  __TI_int08               
0000fff2  __TI_int09               
0000fff4  __TI_int10               
0000fff6  __TI_int11               
0000fff8  __TI_int12               
0000fffa  __TI_int13               
0000fffc  __TI_int14               
0000fffe  _reset_vector            
ffffffff  __TI_pprof_out_hndl      
ffffffff  __TI_prof_data_size      
ffffffff  __TI_prof_data_start     
ffffffff  __c_args__               
UNDEFED   __TI_BINIT_Base          
UNDEFED   __TI_BINIT_Limit         
UNDEFED   __TI_INITARRAY_Base      
UNDEFED   __TI_INITARRAY_Limit     

[250 symbols]
