<?xml version="1.0"?>
<link_info>
   <banner>MSP430 Linker PC v16.9.7.LTS</banner>
   <copyright>Copyright (c) 2003-2017 Texas Instruments Incorporated</copyright>
   <link_time>0x5b3b93ee</link_time>
   <link_errors>0x0</link_errors>
   <output_file>acelerometro.out</output_file>
   <entry_point>
      <name>_c_int00_noargs_noexit</name>
      <address>0xce00</address>
   </entry_point>
   <input_file_list>
      <input_file id="fl-2">
         <path>.\</path>
         <kind>object</kind>
         <file>PCD8544.obj</file>
         <name>PCD8544.obj</name>
      </input_file>
      <input_file id="fl-3">
         <path>.\</path>
         <kind>object</kind>
         <file>i2c.obj</file>
         <name>i2c.obj</name>
      </input_file>
      <input_file id="fl-4">
         <path>.\</path>
         <kind>object</kind>
         <file>main.obj</file>
         <name>main.obj</name>
      </input_file>
      <input_file id="fl-5">
         <path>.\</path>
         <kind>object</kind>
         <file>mma8451.obj</file>
         <name>mma8451.obj</name>
      </input_file>
      <input_file id="fl-6">
         <path>.\</path>
         <kind>object</kind>
         <file>tsl2561.obj</file>
         <name>tsl2561.obj</name>
      </input_file>
      <input_file id="fl-7">
         <path>.\</path>
         <kind>object</kind>
         <file>uart.obj</file>
         <name>uart.obj</name>
      </input_file>
      <input_file id="fl-c">
         <kind>object</kind>
         <file>&lt;internal&gt;</file>
         <name>&lt;internal&gt;</name>
      </input_file>
      <input_file id="fl-22">
         <path>C:\ti\ccsv7\tools\compiler\ti-cgt-msp430_16.9.7.LTS\lib\</path>
         <kind>archive</kind>
         <file>rts430_eabi.lib</file>
         <name>boot.obj</name>
      </input_file>
      <input_file id="fl-23">
         <path>C:\ti\ccsv7\tools\compiler\ti-cgt-msp430_16.9.7.LTS\lib\</path>
         <kind>archive</kind>
         <file>rts430_eabi.lib</file>
         <name>boot_special.obj</name>
      </input_file>
      <input_file id="fl-24">
         <path>C:\ti\ccsv7\tools\compiler\ti-cgt-msp430_16.9.7.LTS\lib\</path>
         <kind>archive</kind>
         <file>rts430_eabi.lib</file>
         <name>cmpd.obj</name>
      </input_file>
      <input_file id="fl-25">
         <path>C:\ti\ccsv7\tools\compiler\ti-cgt-msp430_16.9.7.LTS\lib\</path>
         <kind>archive</kind>
         <file>rts430_eabi.lib</file>
         <name>copy_decompress_lzss.obj</name>
      </input_file>
      <input_file id="fl-26">
         <path>C:\ti\ccsv7\tools\compiler\ti-cgt-msp430_16.9.7.LTS\lib\</path>
         <kind>archive</kind>
         <file>rts430_eabi.lib</file>
         <name>copy_decompress_none.obj</name>
      </input_file>
      <input_file id="fl-27">
         <path>C:\ti\ccsv7\tools\compiler\ti-cgt-msp430_16.9.7.LTS\lib\</path>
         <kind>archive</kind>
         <file>rts430_eabi.lib</file>
         <name>copy_zero_init.obj</name>
      </input_file>
      <input_file id="fl-28">
         <path>C:\ti\ccsv7\tools\compiler\ti-cgt-msp430_16.9.7.LTS\lib\</path>
         <kind>archive</kind>
         <file>rts430_eabi.lib</file>
         <name>div16u.obj</name>
      </input_file>
      <input_file id="fl-29">
         <path>C:\ti\ccsv7\tools\compiler\ti-cgt-msp430_16.9.7.LTS\lib\</path>
         <kind>archive</kind>
         <file>rts430_eabi.lib</file>
         <name>div32u.obj</name>
      </input_file>
      <input_file id="fl-2a">
         <path>C:\ti\ccsv7\tools\compiler\ti-cgt-msp430_16.9.7.LTS\lib\</path>
         <kind>archive</kind>
         <file>rts430_eabi.lib</file>
         <name>epilog.obj</name>
      </input_file>
      <input_file id="fl-2b">
         <path>C:\ti\ccsv7\tools\compiler\ti-cgt-msp430_16.9.7.LTS\lib\</path>
         <kind>archive</kind>
         <file>rts430_eabi.lib</file>
         <name>exit.obj</name>
      </input_file>
      <input_file id="fl-2c">
         <path>C:\ti\ccsv7\tools\compiler\ti-cgt-msp430_16.9.7.LTS\lib\</path>
         <kind>archive</kind>
         <file>rts430_eabi.lib</file>
         <name>exit_gvars.obj</name>
      </input_file>
      <input_file id="fl-2d">
         <path>C:\ti\ccsv7\tools\compiler\ti-cgt-msp430_16.9.7.LTS\lib\</path>
         <kind>archive</kind>
         <file>rts430_eabi.lib</file>
         <name>fltuld.obj</name>
      </input_file>
      <input_file id="fl-2e">
         <path>C:\ti\ccsv7\tools\compiler\ti-cgt-msp430_16.9.7.LTS\lib\</path>
         <kind>archive</kind>
         <file>rts430_eabi.lib</file>
         <name>int00.obj</name>
      </input_file>
      <input_file id="fl-2f">
         <path>C:\ti\ccsv7\tools\compiler\ti-cgt-msp430_16.9.7.LTS\lib\</path>
         <kind>archive</kind>
         <file>rts430_eabi.lib</file>
         <name>int02.obj</name>
      </input_file>
      <input_file id="fl-30">
         <path>C:\ti\ccsv7\tools\compiler\ti-cgt-msp430_16.9.7.LTS\lib\</path>
         <kind>archive</kind>
         <file>rts430_eabi.lib</file>
         <name>int03.obj</name>
      </input_file>
      <input_file id="fl-31">
         <path>C:\ti\ccsv7\tools\compiler\ti-cgt-msp430_16.9.7.LTS\lib\</path>
         <kind>archive</kind>
         <file>rts430_eabi.lib</file>
         <name>int05.obj</name>
      </input_file>
      <input_file id="fl-32">
         <path>C:\ti\ccsv7\tools\compiler\ti-cgt-msp430_16.9.7.LTS\lib\</path>
         <kind>archive</kind>
         <file>rts430_eabi.lib</file>
         <name>int08.obj</name>
      </input_file>
      <input_file id="fl-33">
         <path>C:\ti\ccsv7\tools\compiler\ti-cgt-msp430_16.9.7.LTS\lib\</path>
         <kind>archive</kind>
         <file>rts430_eabi.lib</file>
         <name>int10.obj</name>
      </input_file>
      <input_file id="fl-34">
         <path>C:\ti\ccsv7\tools\compiler\ti-cgt-msp430_16.9.7.LTS\lib\</path>
         <kind>archive</kind>
         <file>rts430_eabi.lib</file>
         <name>int11.obj</name>
      </input_file>
      <input_file id="fl-35">
         <path>C:\ti\ccsv7\tools\compiler\ti-cgt-msp430_16.9.7.LTS\lib\</path>
         <kind>archive</kind>
         <file>rts430_eabi.lib</file>
         <name>int12.obj</name>
      </input_file>
      <input_file id="fl-36">
         <path>C:\ti\ccsv7\tools\compiler\ti-cgt-msp430_16.9.7.LTS\lib\</path>
         <kind>archive</kind>
         <file>rts430_eabi.lib</file>
         <name>int13.obj</name>
      </input_file>
      <input_file id="fl-37">
         <path>C:\ti\ccsv7\tools\compiler\ti-cgt-msp430_16.9.7.LTS\lib\</path>
         <kind>archive</kind>
         <file>rts430_eabi.lib</file>
         <name>int14.obj</name>
      </input_file>
      <input_file id="fl-38">
         <path>C:\ti\ccsv7\tools\compiler\ti-cgt-msp430_16.9.7.LTS\lib\</path>
         <kind>archive</kind>
         <file>rts430_eabi.lib</file>
         <name>isr_trap.obj</name>
      </input_file>
      <input_file id="fl-39">
         <path>C:\ti\ccsv7\tools\compiler\ti-cgt-msp430_16.9.7.LTS\lib\</path>
         <kind>archive</kind>
         <file>rts430_eabi.lib</file>
         <name>lsl16.obj</name>
      </input_file>
      <input_file id="fl-3a">
         <path>C:\ti\ccsv7\tools\compiler\ti-cgt-msp430_16.9.7.LTS\lib\</path>
         <kind>archive</kind>
         <file>rts430_eabi.lib</file>
         <name>lsl32.obj</name>
      </input_file>
      <input_file id="fl-3b">
         <path>C:\ti\ccsv7\tools\compiler\ti-cgt-msp430_16.9.7.LTS\lib\</path>
         <kind>archive</kind>
         <file>rts430_eabi.lib</file>
         <name>lsr16.obj</name>
      </input_file>
      <input_file id="fl-3c">
         <path>C:\ti\ccsv7\tools\compiler\ti-cgt-msp430_16.9.7.LTS\lib\</path>
         <kind>archive</kind>
         <file>rts430_eabi.lib</file>
         <name>lsr32.obj</name>
      </input_file>
      <input_file id="fl-3d">
         <path>C:\ti\ccsv7\tools\compiler\ti-cgt-msp430_16.9.7.LTS\lib\</path>
         <kind>archive</kind>
         <file>rts430_eabi.lib</file>
         <name>lsr64.obj</name>
      </input_file>
      <input_file id="fl-3e">
         <path>C:\ti\ccsv7\tools\compiler\ti-cgt-msp430_16.9.7.LTS\lib\</path>
         <kind>archive</kind>
         <file>rts430_eabi.lib</file>
         <name>memcpy.obj</name>
      </input_file>
      <input_file id="fl-3f">
         <path>C:\ti\ccsv7\tools\compiler\ti-cgt-msp430_16.9.7.LTS\lib\</path>
         <kind>archive</kind>
         <file>rts430_eabi.lib</file>
         <name>mpu_init.obj</name>
      </input_file>
      <input_file id="fl-40">
         <path>C:\ti\ccsv7\tools\compiler\ti-cgt-msp430_16.9.7.LTS\lib\</path>
         <kind>archive</kind>
         <file>rts430_eabi.lib</file>
         <name>mult32.obj</name>
      </input_file>
      <input_file id="fl-41">
         <path>C:\ti\ccsv7\tools\compiler\ti-cgt-msp430_16.9.7.LTS\lib\</path>
         <kind>archive</kind>
         <file>rts430_eabi.lib</file>
         <name>pre_init.obj</name>
      </input_file>
      <input_file id="fl-42">
         <path>C:\ti\ccsv7\tools\compiler\ti-cgt-msp430_16.9.7.LTS\lib\</path>
         <kind>archive</kind>
         <file>rts430_eabi.lib</file>
         <name>sprintf.obj</name>
      </input_file>
      <input_file id="fl-43">
         <path>C:\ti\ccsv7\tools\compiler\ti-cgt-msp430_16.9.7.LTS\lib\</path>
         <kind>archive</kind>
         <file>rts430_eabi.lib</file>
         <name>_lock.obj</name>
      </input_file>
      <input_file id="fl-44">
         <path>C:\ti\ccsv7\tools\compiler\ti-cgt-msp430_16.9.7.LTS\lib\</path>
         <kind>archive</kind>
         <file>rts430_eabi.lib</file>
         <name>_printfi_min.obj</name>
      </input_file>
      <input_file id="fl-45">
         <path>C:\ti\ccsv7\tools\compiler\ti-cgt-msp430_16.9.7.LTS\lib\</path>
         <kind>archive</kind>
         <file>rts430_eabi.lib</file>
         <name>args_main.obj</name>
      </input_file>
      <input_file id="fl-46">
         <path>C:\ti\ccsv7\tools\compiler\ti-cgt-msp430_16.9.7.LTS\lib\</path>
         <kind>archive</kind>
         <file>rts430_eabi.lib</file>
         <name>asr16.obj</name>
      </input_file>
      <input_file id="fl-47">
         <path>C:\ti\ccsv7\tools\compiler\ti-cgt-msp430_16.9.7.LTS\lib\</path>
         <kind>archive</kind>
         <file>rts430_eabi.lib</file>
         <name>autoinit.obj</name>
      </input_file>
      <input_file id="fl-48">
         <path>C:\ti\ccsv7\tools\compiler\ti-cgt-msp430_16.9.7.LTS\lib\</path>
         <kind>archive</kind>
         <file>rts430_eabi.lib</file>
         <name>cpy_tbl.obj</name>
      </input_file>
      <input_file id="fl-49">
         <path>C:\ti\ccsv7\tools\compiler\ti-cgt-msp430_16.9.7.LTS\lib\</path>
         <kind>archive</kind>
         <file>rts430_eabi.lib</file>
         <name>memccpy.obj</name>
      </input_file>
      <input_file id="fl-4a">
         <path>C:\ti\ccsv7\tools\compiler\ti-cgt-msp430_16.9.7.LTS\lib\</path>
         <kind>archive</kind>
         <file>rts430_eabi.lib</file>
         <name>memset.obj</name>
      </input_file>
      <input_file id="fl-4b">
         <path>C:\ti\ccsv7\tools\compiler\ti-cgt-msp430_16.9.7.LTS\lib\</path>
         <kind>archive</kind>
         <file>rts430_eabi.lib</file>
         <name>mult16.obj</name>
      </input_file>
      <input_file id="fl-4c">
         <path>C:\ti\ccsv7\tools\compiler\ti-cgt-msp430_16.9.7.LTS\lib\</path>
         <kind>archive</kind>
         <file>rts430_eabi.lib</file>
         <name>startup.obj</name>
      </input_file>
      <input_file id="fl-4d">
         <path>C:\ti\ccsv7\tools\compiler\ti-cgt-msp430_16.9.7.LTS\lib\</path>
         <kind>archive</kind>
         <file>rts430_eabi.lib</file>
         <name>strlen.obj</name>
      </input_file>
   </input_file_list>
   <object_component_list>
      <object_component id="oc-188">
         <name>.bss</name>
         <uninitialized>true</uninitialized>
         <run_address>0x200</run_address>
         <size>0xe</size>
         <input_file_ref idref="fl-3"/>
      </object_component>
      <object_component id="oc-18d">
         <name>.bss</name>
         <uninitialized>true</uninitialized>
         <run_address>0x20e</run_address>
         <size>0x4</size>
         <input_file_ref idref="fl-4"/>
      </object_component>
      <object_component id="oc-26b">
         <name>.bss</name>
         <uninitialized>true</uninitialized>
         <run_address>0x212</run_address>
         <size>0x4</size>
         <input_file_ref idref="fl-6"/>
      </object_component>
      <object_component id="oc-2a5">
         <name>.data</name>
         <load_address>0x219</load_address>
         <run_address>0x219</run_address>
         <size>0x2</size>
         <input_file_ref idref="fl-2"/>
      </object_component>
      <object_component id="oc-2a2">
         <name>.data:stop</name>
         <load_address>0x216</load_address>
         <run_address>0x216</run_address>
         <size>0x3</size>
         <input_file_ref idref="fl-2"/>
      </object_component>
      <object_component id="oc-1ec">
         <name>.data</name>
         <load_address>0x21b</load_address>
         <run_address>0x21b</run_address>
         <size>0x2</size>
         <input_file_ref idref="fl-4"/>
      </object_component>
      <object_component id="oc-255">
         <name>.data</name>
         <load_address>0x21d</load_address>
         <run_address>0x21d</run_address>
         <size>0x2</size>
         <input_file_ref idref="fl-5"/>
      </object_component>
      <object_component id="oc-f1">
         <name>.stack</name>
         <uninitialized>true</uninitialized>
         <run_address>0x3b0</run_address>
         <size>0x2</size>
         <input_file_ref idref="fl-22"/>
      </object_component>
      <object_component id="oc-3c3">
         <name>.stack</name>
         <uninitialized>true</uninitialized>
         <run_address>0x3b0</run_address>
         <size>0x0</size>
      </object_component>
      <object_component id="oc-339">
         <name>.text:_setfield</name>
         <load_address>0xc000</load_address>
         <run_address>0xc000</run_address>
         <size>0x116</size>
         <input_file_ref idref="fl-44"/>
      </object_component>
      <object_component id="oc-304">
         <name>.text:__TI_printfi_minimal</name>
         <load_address>0xc116</load_address>
         <run_address>0xc116</run_address>
         <size>0xe6</size>
         <input_file_ref idref="fl-44"/>
      </object_component>
      <object_component id="oc-2eb">
         <name>.text:MMA8451OverSampling</name>
         <load_address>0xc1fc</load_address>
         <run_address>0xc1fc</run_address>
         <size>0xde</size>
         <input_file_ref idref="fl-5"/>
      </object_component>
      <object_component id="oc-201">
         <name>.text:__mspabi_cmpd</name>
         <load_address>0xc2da</load_address>
         <run_address>0xc2da</run_address>
         <size>0xdc</size>
         <input_file_ref idref="fl-24"/>
      </object_component>
      <object_component id="oc-15a">
         <name>.text:main</name>
         <load_address>0xc3b6</load_address>
         <run_address>0xc3b6</run_address>
         <size>0xd8</size>
         <input_file_ref idref="fl-4"/>
      </object_component>
      <object_component id="oc-361">
         <name>.text:_pproc_diouxp</name>
         <load_address>0xc48e</load_address>
         <run_address>0xc48e</run_address>
         <size>0xca</size>
         <input_file_ref idref="fl-44"/>
      </object_component>
      <object_component id="oc-1e6">
         <name>.text:ShowAxisValue</name>
         <load_address>0xc558</load_address>
         <run_address>0xc558</run_address>
         <size>0xb8</size>
         <input_file_ref idref="fl-2"/>
      </object_component>
      <object_component id="oc-1fb">
         <name>.text:__mspabi_fltuld</name>
         <load_address>0xc610</load_address>
         <run_address>0xc610</run_address>
         <size>0x8a</size>
         <input_file_ref idref="fl-2d"/>
      </object_component>
      <object_component id="oc-121">
         <name>.text:tx_interrupt</name>
         <load_address>0xc69a</load_address>
         <run_address>0xc69a</run_address>
         <size>0x84</size>
         <input_file_ref idref="fl-3"/>
      </object_component>
      <object_component id="oc-1b6">
         <name>.text:initLCD</name>
         <load_address>0xc71e</load_address>
         <run_address>0xc71e</run_address>
         <size>0x80</size>
         <input_file_ref idref="fl-2"/>
      </object_component>
      <object_component id="oc-34">
         <name>.text:decompress:lzss:__TI_decompress_lzss</name>
         <load_address>0xc79e</load_address>
         <run_address>0xc79e</run_address>
         <size>0x7c</size>
         <input_file_ref idref="fl-25"/>
      </object_component>
      <object_component id="oc-140">
         <name>.text:_auto_init</name>
         <load_address>0xc81a</load_address>
         <run_address>0xc81a</run_address>
         <size>0x6e</size>
         <input_file_ref idref="fl-47"/>
      </object_component>
      <object_component id="oc-2e5">
         <name>.text:MMA8451DataRate</name>
         <load_address>0xc888</load_address>
         <run_address>0xc888</run_address>
         <size>0x6a</size>
         <input_file_ref idref="fl-5"/>
      </object_component>
      <object_component id="oc-2af">
         <name>.text:l_lsr_const</name>
         <load_address>0xc8f2</load_address>
         <run_address>0xc8f2</run_address>
         <size>0x5c</size>
         <input_file_ref idref="fl-3c"/>
      </object_component>
      <object_component id="oc-194">
         <name>.text:copy_in</name>
         <load_address>0xc94e</load_address>
         <run_address>0xc94e</run_address>
         <size>0x5a</size>
         <input_file_ref idref="fl-48"/>
      </object_component>
      <object_component id="oc-1bc">
         <name>.text:init_i2c</name>
         <load_address>0xc9a8</load_address>
         <run_address>0xc9a8</run_address>
         <size>0x50</size>
         <input_file_ref idref="fl-3"/>
      </object_component>
      <object_component id="oc-fa">
         <name>.text</name>
         <load_address>0xc9f8</load_address>
         <run_address>0xc9f8</run_address>
         <size>0x4c</size>
         <input_file_ref idref="fl-3b"/>
      </object_component>
      <object_component id="oc-25e">
         <name>.text:MMA8451Reset</name>
         <load_address>0xca44</load_address>
         <run_address>0xca44</run_address>
         <size>0x42</size>
         <input_file_ref idref="fl-5"/>
      </object_component>
      <object_component id="oc-1ef">
         <name>.text:paso</name>
         <load_address>0xca86</load_address>
         <run_address>0xca86</run_address>
         <size>0x42</size>
         <input_file_ref idref="fl-2"/>
      </object_component>
      <object_component id="oc-2aa">
         <name>.text:l_lsl_const</name>
         <load_address>0xcac8</load_address>
         <run_address>0xcac8</run_address>
         <size>0x3e</size>
         <input_file_ref idref="fl-3a"/>
      </object_component>
      <object_component id="oc-258">
         <name>.text:read_byte</name>
         <load_address>0xcb06</load_address>
         <run_address>0xcb06</run_address>
         <size>0x3e</size>
         <input_file_ref idref="fl-5"/>
      </object_component>
      <object_component id="oc-2d6">
         <name>.text:i2c_read</name>
         <load_address>0xcb44</load_address>
         <run_address>0xcb44</run_address>
         <size>0x3c</size>
         <input_file_ref idref="fl-3"/>
      </object_component>
      <object_component id="oc-30e">
         <name>.text:writeCharToLCD</name>
         <load_address>0xcb80</load_address>
         <run_address>0xcb80</run_address>
         <size>0x3c</size>
         <input_file_ref idref="fl-2"/>
      </object_component>
      <object_component id="oc-2df">
         <name>.text:MMA8451_2g</name>
         <load_address>0xcbbc</load_address>
         <run_address>0xcbbc</run_address>
         <size>0x3a</size>
         <input_file_ref idref="fl-5"/>
      </object_component>
      <object_component id="oc-1c8">
         <name>.text:tsl2561_set_gain_int_time</name>
         <load_address>0xcbf6</load_address>
         <run_address>0xcbf6</run_address>
         <size>0x3a</size>
         <input_file_ref idref="fl-6"/>
      </object_component>
      <object_component id="oc-286">
         <name>.text:sprintf</name>
         <load_address>0xcc30</load_address>
         <run_address>0xcc30</run_address>
         <size>0x38</size>
         <input_file_ref idref="fl-42"/>
      </object_component>
      <object_component id="oc-328">
         <name>.text:MMA8451Active</name>
         <load_address>0xcc68</load_address>
         <run_address>0xcc68</run_address>
         <size>0x34</size>
         <input_file_ref idref="fl-5"/>
      </object_component>
      <object_component id="oc-1c2">
         <name>.text:MMA8451Init</name>
         <load_address>0xcc9c</load_address>
         <run_address>0xcc9c</run_address>
         <size>0x34</size>
         <input_file_ref idref="fl-5"/>
      </object_component>
      <object_component id="oc-322">
         <name>.text:MMA8451StandBy</name>
         <load_address>0xccd0</load_address>
         <run_address>0xccd0</run_address>
         <size>0x34</size>
         <input_file_ref idref="fl-5"/>
      </object_component>
      <object_component id="oc-f5">
         <name>.text</name>
         <load_address>0xcd04</load_address>
         <run_address>0xcd04</run_address>
         <size>0x2c</size>
         <input_file_ref idref="fl-39"/>
      </object_component>
      <object_component id="oc-28c">
         <name>.text:clearLCD</name>
         <load_address>0xcd30</load_address>
         <run_address>0xcd30</run_address>
         <size>0x2a</size>
         <input_file_ref idref="fl-2"/>
      </object_component>
      <object_component id="oc-26e">
         <name>.text:i2c_write</name>
         <load_address>0xcd5a</load_address>
         <run_address>0xcd5a</run_address>
         <size>0x26</size>
         <input_file_ref idref="fl-3"/>
      </object_component>
      <object_component id="oc-247">
         <name>.text:writeToLCD</name>
         <load_address>0xcd80</load_address>
         <run_address>0xcd80</run_address>
         <size>0x22</size>
         <input_file_ref idref="fl-2"/>
      </object_component>
      <object_component id="oc-1f5">
         <name>.text:punto</name>
         <load_address>0xcda2</load_address>
         <run_address>0xcda2</run_address>
         <size>0x20</size>
         <input_file_ref idref="fl-2"/>
      </object_component>
      <object_component id="oc-292">
         <name>.text:setAddr</name>
         <load_address>0xcdc2</load_address>
         <run_address>0xcdc2</run_address>
         <size>0x20</size>
         <input_file_ref idref="fl-2"/>
      </object_component>
      <object_component id="oc-127">
         <name>.text:rx_interrupt</name>
         <load_address>0xcde2</load_address>
         <run_address>0xcde2</run_address>
         <size>0x1e</size>
         <input_file_ref idref="fl-3"/>
      </object_component>
      <object_component id="oc-6b">
         <name>.text:_c_int00_noargs_noexit</name>
         <load_address>0xce00</load_address>
         <run_address>0xce00</run_address>
         <size>0x1a</size>
         <input_file_ref idref="fl-23"/>
      </object_component>
      <object_component id="oc-2f8">
         <name>.text:_outs</name>
         <load_address>0xce1a</load_address>
         <run_address>0xce1a</run_address>
         <size>0x1a</size>
         <input_file_ref idref="fl-42"/>
      </object_component>
      <object_component id="oc-367">
         <name>.text:memccpy</name>
         <load_address>0xce34</load_address>
         <run_address>0xce34</run_address>
         <size>0x1a</size>
         <input_file_ref idref="fl-49"/>
      </object_component>
      <object_component id="oc-376">
         <name>.text</name>
         <load_address>0xce4e</load_address>
         <run_address>0xce4e</run_address>
         <size>0x16</size>
         <input_file_ref idref="fl-28"/>
      </object_component>
      <object_component id="oc-298">
         <name>.text:writeStringToLCD</name>
         <load_address>0xce64</load_address>
         <run_address>0xce64</run_address>
         <size>0x16</size>
         <input_file_ref idref="fl-2"/>
      </object_component>
      <object_component id="oc-4d">
         <name>.text:decompress:ZI:__TI_zero_init</name>
         <load_address>0xce7a</load_address>
         <run_address>0xce7a</run_address>
         <size>0x14</size>
         <input_file_ref idref="fl-27"/>
      </object_component>
      <object_component id="oc-35a">
         <name>.text:memset</name>
         <load_address>0xce8e</load_address>
         <run_address>0xce8e</run_address>
         <size>0x14</size>
         <input_file_ref idref="fl-4a"/>
      </object_component>
      <object_component id="oc-218">
         <name>.text</name>
         <load_address>0xcea2</load_address>
         <run_address>0xcea2</run_address>
         <size>0x14</size>
         <input_file_ref idref="fl-4b"/>
      </object_component>
      <object_component id="oc-2fe">
         <name>.text:_outc</name>
         <load_address>0xceb6</load_address>
         <run_address>0xceb6</run_address>
         <size>0x12</size>
         <input_file_ref idref="fl-42"/>
      </object_component>
      <object_component id="oc-3a">
         <name>.text:decompress:none:__TI_decompress_none</name>
         <load_address>0xcec8</load_address>
         <run_address>0xcec8</run_address>
         <size>0x12</size>
         <input_file_ref idref="fl-26"/>
      </object_component>
      <object_component id="oc-10f">
         <name>.text:memcpy</name>
         <load_address>0xceda</load_address>
         <run_address>0xceda</run_address>
         <size>0x12</size>
         <input_file_ref idref="fl-3e"/>
      </object_component>
      <object_component id="oc-1d4">
         <name>.text:normalizar</name>
         <load_address>0xceec</load_address>
         <run_address>0xceec</run_address>
         <size>0x12</size>
         <input_file_ref idref="fl-4"/>
      </object_component>
      <object_component id="oc-264">
         <name>.text:MMA8451OrientDetect</name>
         <load_address>0xcefe</load_address>
         <run_address>0xcefe</run_address>
         <size>0x10</size>
         <input_file_ref idref="fl-5"/>
      </object_component>
      <object_component id="oc-ff">
         <name>.text</name>
         <load_address>0xcf0e</load_address>
         <run_address>0xcf0e</run_address>
         <size>0x10</size>
         <input_file_ref idref="fl-2a"/>
      </object_component>
      <object_component id="oc-1da">
         <name>.text:MMA8451GetYAxis</name>
         <load_address>0xcf1e</load_address>
         <run_address>0xcf1e</run_address>
         <size>0xe</size>
         <input_file_ref idref="fl-5"/>
      </object_component>
      <object_component id="oc-1e0">
         <name>.text:MMA8451GetZAxis</name>
         <load_address>0xcf2c</load_address>
         <run_address>0xcf2c</run_address>
         <size>0xe</size>
         <input_file_ref idref="fl-5"/>
      </object_component>
      <object_component id="oc-333">
         <name>.text:strlen</name>
         <load_address>0xcf3a</load_address>
         <run_address>0xcf3a</run_address>
         <size>0xe</size>
         <input_file_ref idref="fl-4d"/>
      </object_component>
      <object_component id="oc-1ce">
         <name>.text:MMA8451GetXAxis</name>
         <load_address>0xcf48</load_address>
         <run_address>0xcf48</run_address>
         <size>0xc</size>
         <input_file_ref idref="fl-5"/>
      </object_component>
      <object_component id="oc-12d">
         <name>.text:timer_interrupt</name>
         <load_address>0xcf54</load_address>
         <run_address>0xcf54</run_address>
         <size>0xa</size>
         <input_file_ref idref="fl-4"/>
      </object_component>
      <object_component id="oc-11c">
         <name>.text:_isr:__TI_ISR_TRAP</name>
         <load_address>0xcf5e</load_address>
         <run_address>0xcf5e</run_address>
         <size>0x8</size>
         <input_file_ref idref="fl-38"/>
      </object_component>
      <object_component id="oc-24f">
         <name>.text:MMA8451SetDeviceAddr</name>
         <load_address>0xcf66</load_address>
         <run_address>0xcf66</run_address>
         <size>0x6</size>
         <input_file_ref idref="fl-5"/>
      </object_component>
      <object_component id="oc-162">
         <name>.text:abort</name>
         <load_address>0xcf6c</load_address>
         <run_address>0xcf6c</run_address>
         <size>0x6</size>
         <input_file_ref idref="fl-2b"/>
      </object_component>
      <object_component id="oc-274">
         <name>.text:i2c_busy</name>
         <load_address>0xcf72</load_address>
         <run_address>0xcf72</run_address>
         <size>0x6</size>
         <input_file_ref idref="fl-3"/>
      </object_component>
      <object_component id="oc-13a">
         <name>.text:_system_pre_init</name>
         <load_address>0xcf78</load_address>
         <run_address>0xcf78</run_address>
         <size>0x4</size>
         <input_file_ref idref="fl-41"/>
      </object_component>
      <object_component id="oc-19a">
         <name>.text:_system_post_cinit</name>
         <load_address>0xcf7c</load_address>
         <run_address>0xcf7c</run_address>
         <size>0x2</size>
         <input_file_ref idref="fl-4c"/>
      </object_component>
      <object_component id="oc-3c2">
         <name>.cinit..data.load</name>
         <load_address>0xd19c</load_address>
         <run_address>0xd19c</run_address>
         <size>0xc</size>
      </object_component>
      <object_component id="oc-3bf">
         <name>__TI_handler_table</name>
         <load_address>0xd1a8</load_address>
         <run_address>0xd1a8</run_address>
         <size>0x6</size>
      </object_component>
      <object_component id="oc-3c1">
         <name>.cinit..bss.load</name>
         <load_address>0xd1ae</load_address>
         <run_address>0xd1ae</run_address>
         <size>0x4</size>
      </object_component>
      <object_component id="oc-3c0">
         <name>__TI_cinit_table</name>
         <load_address>0xd1b2</load_address>
         <run_address>0xd1b2</run_address>
         <size>0x8</size>
      </object_component>
      <object_component id="oc-352">
         <name>.const:font</name>
         <load_address>0xcf7e</load_address>
         <run_address>0xcf7e</run_address>
         <size>0x1e0</size>
         <input_file_ref idref="fl-2"/>
      </object_component>
      <object_component id="oc-285">
         <name>.const:.string</name>
         <load_address>0xd15e</load_address>
         <run_address>0xd15e</run_address>
         <size>0x2a</size>
         <input_file_ref idref="fl-2"/>
      </object_component>
      <object_component id="oc-360">
         <name>.const:.string</name>
         <load_address>0xd188</load_address>
         <run_address>0xd188</run_address>
         <size>0x14</size>
         <input_file_ref idref="fl-44"/>
      </object_component>
      <object_component id="oc-389">
         <name>.binit</name>
         <load_address>0xc000</load_address>
         <run_address>0xc000</run_address>
         <size>0x0</size>
      </object_component>
      <object_component id="oc-40">
         <name>.int00</name>
         <load_address>0xffe0</load_address>
         <run_address>0xffe0</run_address>
         <size>0x2</size>
         <input_file_ref idref="fl-2e"/>
      </object_component>
      <object_component id="oc-41">
         <name>.int02</name>
         <load_address>0xffe4</load_address>
         <run_address>0xffe4</run_address>
         <size>0x2</size>
         <input_file_ref idref="fl-2f"/>
      </object_component>
      <object_component id="oc-42">
         <name>.int03</name>
         <load_address>0xffe6</load_address>
         <run_address>0xffe6</run_address>
         <size>0x2</size>
         <input_file_ref idref="fl-30"/>
      </object_component>
      <object_component id="oc-43">
         <name>.int05</name>
         <load_address>0xffea</load_address>
         <run_address>0xffea</run_address>
         <size>0x2</size>
         <input_file_ref idref="fl-31"/>
      </object_component>
      <object_component id="oc-44">
         <name>.int06</name>
         <load_address>0xffec</load_address>
         <run_address>0xffec</run_address>
         <size>0x2</size>
         <input_file_ref idref="fl-3"/>
      </object_component>
      <object_component id="oc-45">
         <name>.int07</name>
         <load_address>0xffee</load_address>
         <run_address>0xffee</run_address>
         <size>0x2</size>
         <input_file_ref idref="fl-3"/>
      </object_component>
      <object_component id="oc-46">
         <name>.int08</name>
         <load_address>0xfff0</load_address>
         <run_address>0xfff0</run_address>
         <size>0x2</size>
         <input_file_ref idref="fl-32"/>
      </object_component>
      <object_component id="oc-47">
         <name>.int09</name>
         <load_address>0xfff2</load_address>
         <run_address>0xfff2</run_address>
         <size>0x2</size>
         <input_file_ref idref="fl-4"/>
      </object_component>
      <object_component id="oc-48">
         <name>.int10</name>
         <load_address>0xfff4</load_address>
         <run_address>0xfff4</run_address>
         <size>0x2</size>
         <input_file_ref idref="fl-33"/>
      </object_component>
      <object_component id="oc-49">
         <name>.int11</name>
         <load_address>0xfff6</load_address>
         <run_address>0xfff6</run_address>
         <size>0x2</size>
         <input_file_ref idref="fl-34"/>
      </object_component>
      <object_component id="oc-4a">
         <name>.int12</name>
         <load_address>0xfff8</load_address>
         <run_address>0xfff8</run_address>
         <size>0x2</size>
         <input_file_ref idref="fl-35"/>
      </object_component>
      <object_component id="oc-4b">
         <name>.int13</name>
         <load_address>0xfffa</load_address>
         <run_address>0xfffa</run_address>
         <size>0x2</size>
         <input_file_ref idref="fl-36"/>
      </object_component>
      <object_component id="oc-4c">
         <name>.int14</name>
         <load_address>0xfffc</load_address>
         <run_address>0xfffc</run_address>
         <size>0x2</size>
         <input_file_ref idref="fl-37"/>
      </object_component>
      <object_component id="oc-f4">
         <name>.reset</name>
         <load_address>0xfffe</load_address>
         <run_address>0xfffe</run_address>
         <size>0x2</size>
         <input_file_ref idref="fl-22"/>
      </object_component>
      <object_component id="oc-29f">
         <name>.debug_info</name>
         <load_address>0x0</load_address>
         <run_address>0x0</run_address>
         <size>0x314</size>
         <input_file_ref idref="fl-2"/>
      </object_component>
      <object_component id="oc-353">
         <name>.debug_info</name>
         <load_address>0x314</load_address>
         <run_address>0x314</run_address>
         <size>0xd7</size>
         <input_file_ref idref="fl-2"/>
      </object_component>
      <object_component id="oc-2a6">
         <name>.debug_info</name>
         <load_address>0x3eb</load_address>
         <run_address>0x3eb</run_address>
         <size>0xf1</size>
         <input_file_ref idref="fl-2"/>
      </object_component>
      <object_component id="oc-2a3">
         <name>.debug_info</name>
         <load_address>0x4dc</load_address>
         <run_address>0x4dc</run_address>
         <size>0xd7</size>
         <input_file_ref idref="fl-2"/>
      </object_component>
      <object_component id="oc-293">
         <name>.debug_info</name>
         <load_address>0x5b3</load_address>
         <run_address>0x5b3</run_address>
         <size>0x17c</size>
         <input_file_ref idref="fl-2"/>
      </object_component>
      <object_component id="oc-248">
         <name>.debug_info</name>
         <load_address>0x72f</load_address>
         <run_address>0x72f</run_address>
         <size>0x174</size>
         <input_file_ref idref="fl-2"/>
      </object_component>
      <object_component id="oc-1b7">
         <name>.debug_info</name>
         <load_address>0x8a3</load_address>
         <run_address>0x8a3</run_address>
         <size>0x174</size>
         <input_file_ref idref="fl-2"/>
      </object_component>
      <object_component id="oc-30f">
         <name>.debug_info</name>
         <load_address>0xa17</load_address>
         <run_address>0xa17</run_address>
         <size>0x15f</size>
         <input_file_ref idref="fl-2"/>
      </object_component>
      <object_component id="oc-299">
         <name>.debug_info</name>
         <load_address>0xb76</load_address>
         <run_address>0xb76</run_address>
         <size>0x15f</size>
         <input_file_ref idref="fl-2"/>
      </object_component>
      <object_component id="oc-28d">
         <name>.debug_info</name>
         <load_address>0xcd5</load_address>
         <run_address>0xcd5</run_address>
         <size>0x148</size>
         <input_file_ref idref="fl-2"/>
      </object_component>
      <object_component id="oc-1e7">
         <name>.debug_info</name>
         <load_address>0xe1d</load_address>
         <run_address>0xe1d</run_address>
         <size>0x2a9</size>
         <input_file_ref idref="fl-2"/>
      </object_component>
      <object_component id="oc-1f6">
         <name>.debug_info</name>
         <load_address>0x10c6</load_address>
         <run_address>0x10c6</run_address>
         <size>0x18e</size>
         <input_file_ref idref="fl-2"/>
      </object_component>
      <object_component id="oc-1f0">
         <name>.debug_info</name>
         <load_address>0x1254</load_address>
         <run_address>0x1254</run_address>
         <size>0x161</size>
         <input_file_ref idref="fl-2"/>
      </object_component>
      <object_component id="oc-10a">
         <name>.debug_info</name>
         <load_address>0x13b5</load_address>
         <run_address>0x13b5</run_address>
         <size>0x84</size>
         <input_file_ref idref="fl-2"/>
      </object_component>
      <object_component id="oc-208">
         <name>.debug_info</name>
         <load_address>0x1439</load_address>
         <run_address>0x1439</run_address>
         <size>0x18b</size>
         <input_file_ref idref="fl-2"/>
      </object_component>
      <object_component id="oc-341">
         <name>.debug_info</name>
         <load_address>0x15c4</load_address>
         <run_address>0x15c4</run_address>
         <size>0x2c</size>
         <input_file_ref idref="fl-2"/>
      </object_component>
      <object_component id="oc-214">
         <name>.debug_info</name>
         <load_address>0x15f0</load_address>
         <run_address>0x15f0</run_address>
         <size>0x29c</size>
         <input_file_ref idref="fl-3"/>
      </object_component>
      <object_component id="oc-189">
         <name>.debug_info</name>
         <load_address>0x188c</load_address>
         <run_address>0x188c</run_address>
         <size>0x1b7</size>
         <input_file_ref idref="fl-3"/>
      </object_component>
      <object_component id="oc-1bd">
         <name>.debug_info</name>
         <load_address>0x1a43</load_address>
         <run_address>0x1a43</run_address>
         <size>0x104</size>
         <input_file_ref idref="fl-3"/>
      </object_component>
      <object_component id="oc-277">
         <name>.debug_info</name>
         <load_address>0x1b47</load_address>
         <run_address>0x1b47</run_address>
         <size>0x108</size>
         <input_file_ref idref="fl-3"/>
      </object_component>
      <object_component id="oc-271">
         <name>.debug_info</name>
         <load_address>0x1c4f</load_address>
         <run_address>0x1c4f</run_address>
         <size>0x1aa</size>
         <input_file_ref idref="fl-3"/>
      </object_component>
      <object_component id="oc-2d9">
         <name>.debug_info</name>
         <load_address>0x1df9</load_address>
         <run_address>0x1df9</run_address>
         <size>0x186</size>
         <input_file_ref idref="fl-3"/>
      </object_component>
      <object_component id="oc-12a">
         <name>.debug_info</name>
         <load_address>0x1f7f</load_address>
         <run_address>0x1f7f</run_address>
         <size>0x10d</size>
         <input_file_ref idref="fl-3"/>
      </object_component>
      <object_component id="oc-124">
         <name>.debug_info</name>
         <load_address>0x208c</load_address>
         <run_address>0x208c</run_address>
         <size>0x10d</size>
         <input_file_ref idref="fl-3"/>
      </object_component>
      <object_component id="oc-217">
         <name>.debug_info</name>
         <load_address>0x2199</load_address>
         <run_address>0x2199</run_address>
         <size>0x42e</size>
         <input_file_ref idref="fl-4"/>
      </object_component>
      <object_component id="oc-18e">
         <name>.debug_info</name>
         <load_address>0x25c7</load_address>
         <run_address>0x25c7</run_address>
         <size>0xd6</size>
         <input_file_ref idref="fl-4"/>
      </object_component>
      <object_component id="oc-1ed">
         <name>.debug_info</name>
         <load_address>0x269d</load_address>
         <run_address>0x269d</run_address>
         <size>0xf2</size>
         <input_file_ref idref="fl-4"/>
      </object_component>
      <object_component id="oc-1d5">
         <name>.debug_info</name>
         <load_address>0x278f</load_address>
         <run_address>0x278f</run_address>
         <size>0x136</size>
         <input_file_ref idref="fl-4"/>
      </object_component>
      <object_component id="oc-15b">
         <name>.debug_info</name>
         <load_address>0x28c5</load_address>
         <run_address>0x28c5</run_address>
         <size>0x277</size>
         <input_file_ref idref="fl-4"/>
      </object_component>
      <object_component id="oc-12e">
         <name>.debug_info</name>
         <load_address>0x2b3c</load_address>
         <run_address>0x2b3c</run_address>
         <size>0x116</size>
         <input_file_ref idref="fl-4"/>
      </object_component>
      <object_component id="oc-27b">
         <name>.debug_info</name>
         <load_address>0x2c52</load_address>
         <run_address>0x2c52</run_address>
         <size>0x71</size>
         <input_file_ref idref="fl-4"/>
      </object_component>
      <object_component id="oc-2de">
         <name>.debug_info</name>
         <load_address>0x2cc3</load_address>
         <run_address>0x2cc3</run_address>
         <size>0x1c0</size>
         <input_file_ref idref="fl-5"/>
      </object_component>
      <object_component id="oc-256">
         <name>.debug_info</name>
         <load_address>0x2e83</load_address>
         <run_address>0x2e83</run_address>
         <size>0x11d</size>
         <input_file_ref idref="fl-5"/>
      </object_component>
      <object_component id="oc-1c4">
         <name>.debug_info</name>
         <load_address>0x2fa0</load_address>
         <run_address>0x2fa0</run_address>
         <size>0x172</size>
         <input_file_ref idref="fl-5"/>
      </object_component>
      <object_component id="oc-260">
         <name>.debug_info</name>
         <load_address>0x3112</load_address>
         <run_address>0x3112</run_address>
         <size>0x178</size>
         <input_file_ref idref="fl-5"/>
      </object_component>
      <object_component id="oc-250">
         <name>.debug_info</name>
         <load_address>0x328a</load_address>
         <run_address>0x328a</run_address>
         <size>0x14a</size>
         <input_file_ref idref="fl-5"/>
      </object_component>
      <object_component id="oc-1cf">
         <name>.debug_info</name>
         <load_address>0x33d4</load_address>
         <run_address>0x33d4</run_address>
         <size>0x132</size>
         <input_file_ref idref="fl-5"/>
      </object_component>
      <object_component id="oc-1db">
         <name>.debug_info</name>
         <load_address>0x3506</load_address>
         <run_address>0x3506</run_address>
         <size>0x132</size>
         <input_file_ref idref="fl-5"/>
      </object_component>
      <object_component id="oc-1e1">
         <name>.debug_info</name>
         <load_address>0x3638</load_address>
         <run_address>0x3638</run_address>
         <size>0x132</size>
         <input_file_ref idref="fl-5"/>
      </object_component>
      <object_component id="oc-323">
         <name>.debug_info</name>
         <load_address>0x376a</load_address>
         <run_address>0x376a</run_address>
         <size>0x189</size>
         <input_file_ref idref="fl-5"/>
      </object_component>
      <object_component id="oc-329">
         <name>.debug_info</name>
         <load_address>0x38f3</load_address>
         <run_address>0x38f3</run_address>
         <size>0x19c</size>
         <input_file_ref idref="fl-5"/>
      </object_component>
      <object_component id="oc-2e0">
         <name>.debug_info</name>
         <load_address>0x3a8f</load_address>
         <run_address>0x3a8f</run_address>
         <size>0x1aa</size>
         <input_file_ref idref="fl-5"/>
      </object_component>
      <object_component id="oc-2e6">
         <name>.debug_info</name>
         <load_address>0x3c39</load_address>
         <run_address>0x3c39</run_address>
         <size>0x239</size>
         <input_file_ref idref="fl-5"/>
      </object_component>
      <object_component id="oc-2ec">
         <name>.debug_info</name>
         <load_address>0x3e72</load_address>
         <run_address>0x3e72</run_address>
         <size>0x342</size>
         <input_file_ref idref="fl-5"/>
      </object_component>
      <object_component id="oc-265">
         <name>.debug_info</name>
         <load_address>0x41b4</load_address>
         <run_address>0x41b4</run_address>
         <size>0x167</size>
         <input_file_ref idref="fl-5"/>
      </object_component>
      <object_component id="oc-259">
         <name>.debug_info</name>
         <load_address>0x431b</load_address>
         <run_address>0x431b</run_address>
         <size>0x1bb</size>
         <input_file_ref idref="fl-5"/>
      </object_component>
      <object_component id="oc-2d1">
         <name>.debug_info</name>
         <load_address>0x44d6</load_address>
         <run_address>0x44d6</run_address>
         <size>0x8b</size>
         <input_file_ref idref="fl-5"/>
      </object_component>
      <object_component id="oc-280">
         <name>.debug_info</name>
         <load_address>0x4561</load_address>
         <run_address>0x4561</run_address>
         <size>0x1ee</size>
         <input_file_ref idref="fl-6"/>
      </object_component>
      <object_component id="oc-26c">
         <name>.debug_info</name>
         <load_address>0x474f</load_address>
         <run_address>0x474f</run_address>
         <size>0x10f</size>
         <input_file_ref idref="fl-6"/>
      </object_component>
      <object_component id="oc-1cc">
         <name>.debug_info</name>
         <load_address>0x485e</load_address>
         <run_address>0x485e</run_address>
         <size>0x1f0</size>
         <input_file_ref idref="fl-6"/>
      </object_component>
      <object_component id="oc-f2">
         <name>.debug_info</name>
         <load_address>0x4a4e</load_address>
         <run_address>0x4a4e</run_address>
         <size>0xf5</size>
         <input_file_ref idref="fl-22"/>
      </object_component>
      <object_component id="oc-6f">
         <name>.debug_info</name>
         <load_address>0x4b43</load_address>
         <run_address>0x4b43</run_address>
         <size>0x196</size>
         <input_file_ref idref="fl-23"/>
      </object_component>
      <object_component id="oc-202">
         <name>.debug_info</name>
         <load_address>0x4cd9</load_address>
         <run_address>0x4cd9</run_address>
         <size>0x1a4</size>
         <input_file_ref idref="fl-24"/>
      </object_component>
      <object_component id="oc-2b7">
         <name>.debug_info</name>
         <load_address>0x4e7d</load_address>
         <run_address>0x4e7d</run_address>
         <size>0x94</size>
         <input_file_ref idref="fl-24"/>
      </object_component>
      <object_component id="oc-178">
         <name>.debug_info</name>
         <load_address>0x4f11</load_address>
         <run_address>0x4f11</run_address>
         <size>0x16b</size>
         <input_file_ref idref="fl-25"/>
      </object_component>
      <object_component id="oc-35">
         <name>.debug_info</name>
         <load_address>0x507c</load_address>
         <run_address>0x507c</run_address>
         <size>0x287</size>
         <input_file_ref idref="fl-25"/>
      </object_component>
      <object_component id="oc-105">
         <name>.debug_info</name>
         <load_address>0x5303</load_address>
         <run_address>0x5303</run_address>
         <size>0x60</size>
         <input_file_ref idref="fl-25"/>
      </object_component>
      <object_component id="oc-173">
         <name>.debug_info</name>
         <load_address>0x5363</load_address>
         <run_address>0x5363</run_address>
         <size>0x46</size>
         <input_file_ref idref="fl-25"/>
      </object_component>
      <object_component id="oc-11b">
         <name>.debug_info</name>
         <load_address>0x53a9</load_address>
         <run_address>0x53a9</run_address>
         <size>0x1b2</size>
         <input_file_ref idref="fl-26"/>
      </object_component>
      <object_component id="oc-3b">
         <name>.debug_info</name>
         <load_address>0x555b</load_address>
         <run_address>0x555b</run_address>
         <size>0x1df</size>
         <input_file_ref idref="fl-26"/>
      </object_component>
      <object_component id="oc-116">
         <name>.debug_info</name>
         <load_address>0x573a</load_address>
         <run_address>0x573a</run_address>
         <size>0x46</size>
         <input_file_ref idref="fl-26"/>
      </object_component>
      <object_component id="oc-180">
         <name>.debug_info</name>
         <load_address>0x5780</load_address>
         <run_address>0x5780</run_address>
         <size>0x2c</size>
         <input_file_ref idref="fl-26"/>
      </object_component>
      <object_component id="oc-139">
         <name>.debug_info</name>
         <load_address>0x57ac</load_address>
         <run_address>0x57ac</run_address>
         <size>0x16a</size>
         <input_file_ref idref="fl-27"/>
      </object_component>
      <object_component id="oc-4f">
         <name>.debug_info</name>
         <load_address>0x5916</load_address>
         <run_address>0x5916</run_address>
         <size>0x1b5</size>
         <input_file_ref idref="fl-27"/>
      </object_component>
      <object_component id="oc-134">
         <name>.debug_info</name>
         <load_address>0x5acb</load_address>
         <run_address>0x5acb</run_address>
         <size>0x46</size>
         <input_file_ref idref="fl-27"/>
      </object_component>
      <object_component id="oc-17b">
         <name>.debug_info</name>
         <load_address>0x5b11</load_address>
         <run_address>0x5b11</run_address>
         <size>0x2c</size>
         <input_file_ref idref="fl-27"/>
      </object_component>
      <object_component id="oc-377">
         <name>.debug_info</name>
         <load_address>0x5b3d</load_address>
         <run_address>0x5b3d</run_address>
         <size>0x119</size>
         <input_file_ref idref="fl-28"/>
      </object_component>
      <object_component id="oc-102">
         <name>.debug_info</name>
         <load_address>0x5c56</load_address>
         <run_address>0x5c56</run_address>
         <size>0x126</size>
         <input_file_ref idref="fl-2a"/>
      </object_component>
      <object_component id="oc-166">
         <name>.debug_info</name>
         <load_address>0x5d7c</load_address>
         <run_address>0x5d7c</run_address>
         <size>0x117</size>
         <input_file_ref idref="fl-2b"/>
      </object_component>
      <object_component id="oc-2b5">
         <name>.debug_info</name>
         <load_address>0x5e93</load_address>
         <run_address>0x5e93</run_address>
         <size>0x1ca</size>
         <input_file_ref idref="fl-2d"/>
      </object_component>
      <object_component id="oc-1fc">
         <name>.debug_info</name>
         <load_address>0x605d</load_address>
         <run_address>0x605d</run_address>
         <size>0x1d8</size>
         <input_file_ref idref="fl-2d"/>
      </object_component>
      <object_component id="oc-11e">
         <name>.debug_info</name>
         <load_address>0x6235</load_address>
         <run_address>0x6235</run_address>
         <size>0x107</size>
         <input_file_ref idref="fl-38"/>
      </object_component>
      <object_component id="oc-f6">
         <name>.debug_info</name>
         <load_address>0x633c</load_address>
         <run_address>0x633c</run_address>
         <size>0x118</size>
         <input_file_ref idref="fl-39"/>
      </object_component>
      <object_component id="oc-2ac">
         <name>.debug_info</name>
         <load_address>0x6454</load_address>
         <run_address>0x6454</run_address>
         <size>0x11e</size>
         <input_file_ref idref="fl-3a"/>
      </object_component>
      <object_component id="oc-fd">
         <name>.debug_info</name>
         <load_address>0x6572</load_address>
         <run_address>0x6572</run_address>
         <size>0x118</size>
         <input_file_ref idref="fl-3b"/>
      </object_component>
      <object_component id="oc-2b1">
         <name>.debug_info</name>
         <load_address>0x668a</load_address>
         <run_address>0x668a</run_address>
         <size>0x11e</size>
         <input_file_ref idref="fl-3c"/>
      </object_component>
      <object_component id="oc-17a">
         <name>.debug_info</name>
         <load_address>0x67a8</load_address>
         <run_address>0x67a8</run_address>
         <size>0x16d</size>
         <input_file_ref idref="fl-3e"/>
      </object_component>
      <object_component id="oc-110">
         <name>.debug_info</name>
         <load_address>0x6915</load_address>
         <run_address>0x6915</run_address>
         <size>0x191</size>
         <input_file_ref idref="fl-3e"/>
      </object_component>
      <object_component id="oc-13c">
         <name>.debug_info</name>
         <load_address>0x6aa6</load_address>
         <run_address>0x6aa6</run_address>
         <size>0x148</size>
         <input_file_ref idref="fl-41"/>
      </object_component>
      <object_component id="oc-30b">
         <name>.debug_info</name>
         <load_address>0x6bee</load_address>
         <run_address>0x6bee</run_address>
         <size>0x22d</size>
         <input_file_ref idref="fl-42"/>
      </object_component>
      <object_component id="oc-288">
         <name>.debug_info</name>
         <load_address>0x6e1b</load_address>
         <run_address>0x6e1b</run_address>
         <size>0x1b7</size>
         <input_file_ref idref="fl-42"/>
      </object_component>
      <object_component id="oc-2fa">
         <name>.debug_info</name>
         <load_address>0x6fd2</load_address>
         <run_address>0x6fd2</run_address>
         <size>0x18d</size>
         <input_file_ref idref="fl-42"/>
      </object_component>
      <object_component id="oc-2ff">
         <name>.debug_info</name>
         <load_address>0x715f</load_address>
         <run_address>0x715f</run_address>
         <size>0x162</size>
         <input_file_ref idref="fl-42"/>
      </object_component>
      <object_component id="oc-34d">
         <name>.debug_info</name>
         <load_address>0x72c1</load_address>
         <run_address>0x72c1</run_address>
         <size>0x2c</size>
         <input_file_ref idref="fl-42"/>
      </object_component>
      <object_component id="oc-340">
         <name>.debug_info</name>
         <load_address>0x72ed</load_address>
         <run_address>0x72ed</run_address>
         <size>0x346</size>
         <input_file_ref idref="fl-44"/>
      </object_component>
      <object_component id="oc-362">
         <name>.debug_info</name>
         <load_address>0x7633</load_address>
         <run_address>0x7633</run_address>
         <size>0x2bc</size>
         <input_file_ref idref="fl-44"/>
      </object_component>
      <object_component id="oc-33a">
         <name>.debug_info</name>
         <load_address>0x78ef</load_address>
         <run_address>0x78ef</run_address>
         <size>0x284</size>
         <input_file_ref idref="fl-44"/>
      </object_component>
      <object_component id="oc-305">
         <name>.debug_info</name>
         <load_address>0x7b73</load_address>
         <run_address>0x7b73</run_address>
         <size>0x2db</size>
         <input_file_ref idref="fl-44"/>
      </object_component>
      <object_component id="oc-346">
         <name>.debug_info</name>
         <load_address>0x7e4e</load_address>
         <run_address>0x7e4e</run_address>
         <size>0x86</size>
         <input_file_ref idref="fl-44"/>
      </object_component>
      <object_component id="oc-37c">
         <name>.debug_info</name>
         <load_address>0x7ed4</load_address>
         <run_address>0x7ed4</run_address>
         <size>0x39</size>
         <input_file_ref idref="fl-44"/>
      </object_component>
      <object_component id="oc-1a1">
         <name>.debug_info</name>
         <load_address>0x7f0d</load_address>
         <run_address>0x7f0d</run_address>
         <size>0x3b6</size>
         <input_file_ref idref="fl-47"/>
      </object_component>
      <object_component id="oc-141">
         <name>.debug_info</name>
         <load_address>0x82c3</load_address>
         <run_address>0x82c3</run_address>
         <size>0x1c2</size>
         <input_file_ref idref="fl-47"/>
      </object_component>
      <object_component id="oc-222">
         <name>.debug_info</name>
         <load_address>0x8485</load_address>
         <run_address>0x8485</run_address>
         <size>0x39</size>
         <input_file_ref idref="fl-47"/>
      </object_component>
      <object_component id="oc-227">
         <name>.debug_info</name>
         <load_address>0x84be</load_address>
         <run_address>0x84be</run_address>
         <size>0xcd</size>
         <input_file_ref idref="fl-47"/>
      </object_component>
      <object_component id="oc-21e">
         <name>.debug_info</name>
         <load_address>0x858b</load_address>
         <run_address>0x858b</run_address>
         <size>0x252</size>
         <input_file_ref idref="fl-48"/>
      </object_component>
      <object_component id="oc-197">
         <name>.debug_info</name>
         <load_address>0x87dd</load_address>
         <run_address>0x87dd</run_address>
         <size>0x1b0</size>
         <input_file_ref idref="fl-48"/>
      </object_component>
      <object_component id="oc-2c3">
         <name>.debug_info</name>
         <load_address>0x898d</load_address>
         <run_address>0x898d</run_address>
         <size>0x2c</size>
         <input_file_ref idref="fl-48"/>
      </object_component>
      <object_component id="oc-382">
         <name>.debug_info</name>
         <load_address>0x89b9</load_address>
         <run_address>0x89b9</run_address>
         <size>0x163</size>
         <input_file_ref idref="fl-49"/>
      </object_component>
      <object_component id="oc-36a">
         <name>.debug_info</name>
         <load_address>0x8b1c</load_address>
         <run_address>0x8b1c</run_address>
         <size>0x1ab</size>
         <input_file_ref idref="fl-49"/>
      </object_component>
      <object_component id="oc-375">
         <name>.debug_info</name>
         <load_address>0x8cc7</load_address>
         <run_address>0x8cc7</run_address>
         <size>0x162</size>
         <input_file_ref idref="fl-4a"/>
      </object_component>
      <object_component id="oc-35e">
         <name>.debug_info</name>
         <load_address>0x8e29</load_address>
         <run_address>0x8e29</run_address>
         <size>0x25a</size>
         <input_file_ref idref="fl-4a"/>
      </object_component>
      <object_component id="oc-219">
         <name>.debug_info</name>
         <load_address>0x9083</load_address>
         <run_address>0x9083</run_address>
         <size>0x119</size>
         <input_file_ref idref="fl-4b"/>
      </object_component>
      <object_component id="oc-19b">
         <name>.debug_info</name>
         <load_address>0x919c</load_address>
         <run_address>0x919c</run_address>
         <size>0x145</size>
         <input_file_ref idref="fl-4c"/>
      </object_component>
      <object_component id="oc-359">
         <name>.debug_info</name>
         <load_address>0x92e1</load_address>
         <run_address>0x92e1</run_address>
         <size>0x157</size>
         <input_file_ref idref="fl-4d"/>
      </object_component>
      <object_component id="oc-336">
         <name>.debug_info</name>
         <load_address>0x9438</load_address>
         <run_address>0x9438</run_address>
         <size>0x215</size>
         <input_file_ref idref="fl-4d"/>
      </object_component>
      <object_component id="oc-3c4">
         <name>.debug_info</name>
         <load_address>0x964d</load_address>
         <run_address>0x964d</run_address>
         <size>0xaf</size>
      </object_component>
      <object_component id="oc-316">
         <name>.debug_line</name>
         <load_address>0x0</load_address>
         <run_address>0x0</run_address>
         <size>0xe8</size>
         <input_file_ref idref="fl-2"/>
      </object_component>
      <object_component id="oc-371">
         <name>.debug_line</name>
         <load_address>0xe8</load_address>
         <run_address>0xe8</run_address>
         <size>0x30</size>
         <input_file_ref idref="fl-2"/>
      </object_component>
      <object_component id="oc-31a">
         <name>.debug_line</name>
         <load_address>0x118</load_address>
         <run_address>0x118</run_address>
         <size>0x30</size>
         <input_file_ref idref="fl-2"/>
      </object_component>
      <object_component id="oc-318">
         <name>.debug_line</name>
         <load_address>0x148</load_address>
         <run_address>0x148</run_address>
         <size>0x30</size>
         <input_file_ref idref="fl-2"/>
      </object_component>
      <object_component id="oc-297">
         <name>.debug_line</name>
         <load_address>0x178</load_address>
         <run_address>0x178</run_address>
         <size>0x44</size>
         <input_file_ref idref="fl-2"/>
      </object_component>
      <object_component id="oc-24c">
         <name>.debug_line</name>
         <load_address>0x1bc</load_address>
         <run_address>0x1bc</run_address>
         <size>0x51</size>
         <input_file_ref idref="fl-2"/>
      </object_component>
      <object_component id="oc-1bb">
         <name>.debug_line</name>
         <load_address>0x20d</load_address>
         <run_address>0x20d</run_address>
         <size>0x55</size>
         <input_file_ref idref="fl-2"/>
      </object_component>
      <object_component id="oc-313">
         <name>.debug_line</name>
         <load_address>0x262</load_address>
         <run_address>0x262</run_address>
         <size>0x4f</size>
         <input_file_ref idref="fl-2"/>
      </object_component>
      <object_component id="oc-29d">
         <name>.debug_line</name>
         <load_address>0x2b1</load_address>
         <run_address>0x2b1</run_address>
         <size>0x4c</size>
         <input_file_ref idref="fl-2"/>
      </object_component>
      <object_component id="oc-291">
         <name>.debug_line</name>
         <load_address>0x2fd</load_address>
         <run_address>0x2fd</run_address>
         <size>0x50</size>
         <input_file_ref idref="fl-2"/>
      </object_component>
      <object_component id="oc-1eb">
         <name>.debug_line</name>
         <load_address>0x34d</load_address>
         <run_address>0x34d</run_address>
         <size>0x55</size>
         <input_file_ref idref="fl-2"/>
      </object_component>
      <object_component id="oc-1fa">
         <name>.debug_line</name>
         <load_address>0x3a2</load_address>
         <run_address>0x3a2</run_address>
         <size>0x48</size>
         <input_file_ref idref="fl-2"/>
      </object_component>
      <object_component id="oc-1f3">
         <name>.debug_line</name>
         <load_address>0x3ea</load_address>
         <run_address>0x3ea</run_address>
         <size>0x65</size>
         <input_file_ref idref="fl-2"/>
      </object_component>
      <object_component id="oc-10d">
         <name>.debug_line</name>
         <load_address>0x44f</load_address>
         <run_address>0x44f</run_address>
         <size>0x20</size>
         <input_file_ref idref="fl-2"/>
      </object_component>
      <object_component id="oc-20b">
         <name>.debug_line</name>
         <load_address>0x46f</load_address>
         <run_address>0x46f</run_address>
         <size>0x68</size>
         <input_file_ref idref="fl-2"/>
      </object_component>
      <object_component id="oc-344">
         <name>.debug_line</name>
         <load_address>0x4d7</load_address>
         <run_address>0x4d7</run_address>
         <size>0x68</size>
         <input_file_ref idref="fl-2"/>
      </object_component>
      <object_component id="oc-2bd">
         <name>.debug_line</name>
         <load_address>0x53f</load_address>
         <run_address>0x53f</run_address>
         <size>0x55</size>
         <input_file_ref idref="fl-3"/>
      </object_component>
      <object_component id="oc-213">
         <name>.debug_line</name>
         <load_address>0x594</load_address>
         <run_address>0x594</run_address>
         <size>0x2c</size>
         <input_file_ref idref="fl-3"/>
      </object_component>
      <object_component id="oc-1c1">
         <name>.debug_line</name>
         <load_address>0x5c0</load_address>
         <run_address>0x5c0</run_address>
         <size>0x4d</size>
         <input_file_ref idref="fl-3"/>
      </object_component>
      <object_component id="oc-275">
         <name>.debug_line</name>
         <load_address>0x60d</load_address>
         <run_address>0x60d</run_address>
         <size>0x3f</size>
         <input_file_ref idref="fl-3"/>
      </object_component>
      <object_component id="oc-270">
         <name>.debug_line</name>
         <load_address>0x64c</load_address>
         <run_address>0x64c</run_address>
         <size>0x46</size>
         <input_file_ref idref="fl-3"/>
      </object_component>
      <object_component id="oc-2d7">
         <name>.debug_line</name>
         <load_address>0x692</load_address>
         <run_address>0x692</run_address>
         <size>0x4f</size>
         <input_file_ref idref="fl-3"/>
      </object_component>
      <object_component id="oc-128">
         <name>.debug_line</name>
         <load_address>0x6e1</load_address>
         <run_address>0x6e1</run_address>
         <size>0x49</size>
         <input_file_ref idref="fl-3"/>
      </object_component>
      <object_component id="oc-122">
         <name>.debug_line</name>
         <load_address>0x72a</load_address>
         <run_address>0x72a</run_address>
         <size>0x67</size>
         <input_file_ref idref="fl-3"/>
      </object_component>
      <object_component id="oc-2bf">
         <name>.debug_line</name>
         <load_address>0x791</load_address>
         <run_address>0x791</run_address>
         <size>0xdd</size>
         <input_file_ref idref="fl-4"/>
      </object_component>
      <object_component id="oc-216">
         <name>.debug_line</name>
         <load_address>0x86e</load_address>
         <run_address>0x86e</run_address>
         <size>0x2d</size>
         <input_file_ref idref="fl-4"/>
      </object_component>
      <object_component id="oc-2a1">
         <name>.debug_line</name>
         <load_address>0x89b</load_address>
         <run_address>0x89b</run_address>
         <size>0x2d</size>
         <input_file_ref idref="fl-4"/>
      </object_component>
      <object_component id="oc-1d9">
         <name>.debug_line</name>
         <load_address>0x8c8</load_address>
         <run_address>0x8c8</run_address>
         <size>0x47</size>
         <input_file_ref idref="fl-4"/>
      </object_component>
      <object_component id="oc-15f">
         <name>.debug_line</name>
         <load_address>0x90f</load_address>
         <run_address>0x90f</run_address>
         <size>0x61</size>
         <input_file_ref idref="fl-4"/>
      </object_component>
      <object_component id="oc-132">
         <name>.debug_line</name>
         <load_address>0x970</load_address>
         <run_address>0x970</run_address>
         <size>0x43</size>
         <input_file_ref idref="fl-4"/>
      </object_component>
      <object_component id="oc-27e">
         <name>.debug_line</name>
         <load_address>0x9b3</load_address>
         <run_address>0x9b3</run_address>
         <size>0x30</size>
         <input_file_ref idref="fl-4"/>
      </object_component>
      <object_component id="oc-321">
         <name>.debug_line</name>
         <load_address>0x9e3</load_address>
         <run_address>0x9e3</run_address>
         <size>0x2c</size>
         <input_file_ref idref="fl-5"/>
      </object_component>
      <object_component id="oc-2d0">
         <name>.debug_line</name>
         <load_address>0xa0f</load_address>
         <run_address>0xa0f</run_address>
         <size>0x30</size>
         <input_file_ref idref="fl-5"/>
      </object_component>
      <object_component id="oc-1c3">
         <name>.debug_line</name>
         <load_address>0xa3f</load_address>
         <run_address>0xa3f</run_address>
         <size>0x54</size>
         <input_file_ref idref="fl-5"/>
      </object_component>
      <object_component id="oc-25f">
         <name>.debug_line</name>
         <load_address>0xa93</load_address>
         <run_address>0xa93</run_address>
         <size>0x4f</size>
         <input_file_ref idref="fl-5"/>
      </object_component>
      <object_component id="oc-253">
         <name>.debug_line</name>
         <load_address>0xae2</load_address>
         <run_address>0xae2</run_address>
         <size>0x43</size>
         <input_file_ref idref="fl-5"/>
      </object_component>
      <object_component id="oc-1d3">
         <name>.debug_line</name>
         <load_address>0xb25</load_address>
         <run_address>0xb25</run_address>
         <size>0x47</size>
         <input_file_ref idref="fl-5"/>
      </object_component>
      <object_component id="oc-1df">
         <name>.debug_line</name>
         <load_address>0xb6c</load_address>
         <run_address>0xb6c</run_address>
         <size>0x47</size>
         <input_file_ref idref="fl-5"/>
      </object_component>
      <object_component id="oc-1e5">
         <name>.debug_line</name>
         <load_address>0xbb3</load_address>
         <run_address>0xbb3</run_address>
         <size>0x47</size>
         <input_file_ref idref="fl-5"/>
      </object_component>
      <object_component id="oc-326">
         <name>.debug_line</name>
         <load_address>0xbfa</load_address>
         <run_address>0xbfa</run_address>
         <size>0x5d</size>
         <input_file_ref idref="fl-5"/>
      </object_component>
      <object_component id="oc-32d">
         <name>.debug_line</name>
         <load_address>0xc57</load_address>
         <run_address>0xc57</run_address>
         <size>0x60</size>
         <input_file_ref idref="fl-5"/>
      </object_component>
      <object_component id="oc-2e4">
         <name>.debug_line</name>
         <load_address>0xcb7</load_address>
         <run_address>0xcb7</run_address>
         <size>0x5d</size>
         <input_file_ref idref="fl-5"/>
      </object_component>
      <object_component id="oc-2e9">
         <name>.debug_line</name>
         <load_address>0xd14</load_address>
         <run_address>0xd14</run_address>
         <size>0x67</size>
         <input_file_ref idref="fl-5"/>
      </object_component>
      <object_component id="oc-2ef">
         <name>.debug_line</name>
         <load_address>0xd7b</load_address>
         <run_address>0xd7b</run_address>
         <size>0x95</size>
         <input_file_ref idref="fl-5"/>
      </object_component>
      <object_component id="oc-268">
         <name>.debug_line</name>
         <load_address>0xe10</load_address>
         <run_address>0xe10</run_address>
         <size>0x48</size>
         <input_file_ref idref="fl-5"/>
      </object_component>
      <object_component id="oc-25c">
         <name>.debug_line</name>
         <load_address>0xe58</load_address>
         <run_address>0xe58</run_address>
         <size>0x4d</size>
         <input_file_ref idref="fl-5"/>
      </object_component>
      <object_component id="oc-2d4">
         <name>.debug_line</name>
         <load_address>0xea5</load_address>
         <run_address>0xea5</run_address>
         <size>0x20</size>
         <input_file_ref idref="fl-5"/>
      </object_component>
      <object_component id="oc-2f7">
         <name>.debug_line</name>
         <load_address>0xec5</load_address>
         <run_address>0xec5</run_address>
         <size>0x2c</size>
         <input_file_ref idref="fl-6"/>
      </object_component>
      <object_component id="oc-2f3">
         <name>.debug_line</name>
         <load_address>0xef1</load_address>
         <run_address>0xef1</run_address>
         <size>0x30</size>
         <input_file_ref idref="fl-6"/>
      </object_component>
      <object_component id="oc-1cb">
         <name>.debug_line</name>
         <load_address>0xf21</load_address>
         <run_address>0xf21</run_address>
         <size>0x62</size>
         <input_file_ref idref="fl-6"/>
      </object_component>
      <object_component id="oc-16f">
         <name>.debug_line</name>
         <load_address>0xf83</load_address>
         <run_address>0xf83</run_address>
         <size>0x2a</size>
         <input_file_ref idref="fl-22"/>
      </object_component>
      <object_component id="oc-6c">
         <name>.debug_line</name>
         <load_address>0xfad</load_address>
         <run_address>0xfad</run_address>
         <size>0x4c</size>
         <input_file_ref idref="fl-23"/>
      </object_component>
      <object_component id="oc-206">
         <name>.debug_line</name>
         <load_address>0xff9</load_address>
         <run_address>0xff9</run_address>
         <size>0x75</size>
         <input_file_ref idref="fl-24"/>
      </object_component>
      <object_component id="oc-2ba">
         <name>.debug_line</name>
         <load_address>0x106e</load_address>
         <run_address>0x106e</run_address>
         <size>0x2e</size>
         <input_file_ref idref="fl-24"/>
      </object_component>
      <object_component id="oc-20f">
         <name>.debug_line</name>
         <load_address>0x109c</load_address>
         <run_address>0x109c</run_address>
         <size>0x20</size>
         <input_file_ref idref="fl-25"/>
      </object_component>
      <object_component id="oc-38">
         <name>.debug_line</name>
         <load_address>0x10bc</load_address>
         <run_address>0x10bc</run_address>
         <size>0x92</size>
         <input_file_ref idref="fl-25"/>
      </object_component>
      <object_component id="oc-108">
         <name>.debug_line</name>
         <load_address>0x114e</load_address>
         <run_address>0x114e</run_address>
         <size>0x3a</size>
         <input_file_ref idref="fl-25"/>
      </object_component>
      <object_component id="oc-176">
         <name>.debug_line</name>
         <load_address>0x1188</load_address>
         <run_address>0x1188</run_address>
         <size>0x8a</size>
         <input_file_ref idref="fl-25"/>
      </object_component>
      <object_component id="oc-186">
         <name>.debug_line</name>
         <load_address>0x1212</load_address>
         <run_address>0x1212</run_address>
         <size>0x8a</size>
         <input_file_ref idref="fl-26"/>
      </object_component>
      <object_component id="oc-3e">
         <name>.debug_line</name>
         <load_address>0x129c</load_address>
         <run_address>0x129c</run_address>
         <size>0x50</size>
         <input_file_ref idref="fl-26"/>
      </object_component>
      <object_component id="oc-119">
         <name>.debug_line</name>
         <load_address>0x12ec</load_address>
         <run_address>0x12ec</run_address>
         <size>0x3a</size>
         <input_file_ref idref="fl-26"/>
      </object_component>
      <object_component id="oc-183">
         <name>.debug_line</name>
         <load_address>0x1326</load_address>
         <run_address>0x1326</run_address>
         <size>0x8a</size>
         <input_file_ref idref="fl-26"/>
      </object_component>
      <object_component id="oc-192">
         <name>.debug_line</name>
         <load_address>0x13b0</load_address>
         <run_address>0x13b0</run_address>
         <size>0x20</size>
         <input_file_ref idref="fl-27"/>
      </object_component>
      <object_component id="oc-52">
         <name>.debug_line</name>
         <load_address>0x13d0</load_address>
         <run_address>0x13d0</run_address>
         <size>0x4d</size>
         <input_file_ref idref="fl-27"/>
      </object_component>
      <object_component id="oc-137">
         <name>.debug_line</name>
         <load_address>0x141d</load_address>
         <run_address>0x141d</run_address>
         <size>0x34</size>
         <input_file_ref idref="fl-27"/>
      </object_component>
      <object_component id="oc-17e">
         <name>.debug_line</name>
         <load_address>0x1451</load_address>
         <run_address>0x1451</run_address>
         <size>0x8a</size>
         <input_file_ref idref="fl-27"/>
      </object_component>
      <object_component id="oc-37a">
         <name>.debug_line</name>
         <load_address>0x14db</load_address>
         <run_address>0x14db</run_address>
         <size>0x43</size>
         <input_file_ref idref="fl-28"/>
      </object_component>
      <object_component id="oc-101">
         <name>.debug_line</name>
         <load_address>0x151e</load_address>
         <run_address>0x151e</run_address>
         <size>0x40</size>
         <input_file_ref idref="fl-2a"/>
      </object_component>
      <object_component id="oc-165">
         <name>.debug_line</name>
         <load_address>0x155e</load_address>
         <run_address>0x155e</run_address>
         <size>0x3d</size>
         <input_file_ref idref="fl-2b"/>
      </object_component>
      <object_component id="oc-31e">
         <name>.debug_line</name>
         <load_address>0x159b</load_address>
         <run_address>0x159b</run_address>
         <size>0x20</size>
         <input_file_ref idref="fl-2d"/>
      </object_component>
      <object_component id="oc-200">
         <name>.debug_line</name>
         <load_address>0x15bb</load_address>
         <run_address>0x15bb</run_address>
         <size>0x71</size>
         <input_file_ref idref="fl-2d"/>
      </object_component>
      <object_component id="oc-11d">
         <name>.debug_line</name>
         <load_address>0x162c</load_address>
         <run_address>0x162c</run_address>
         <size>0x3d</size>
         <input_file_ref idref="fl-38"/>
      </object_component>
      <object_component id="oc-f9">
         <name>.debug_line</name>
         <load_address>0x1669</load_address>
         <run_address>0x1669</run_address>
[...]
         <object_component_ref idref="oc-121"/>
      </symbol>
      <symbol id="sm-16c">
         <name>rx_interrupt</name>
         <value>0xcde2</value>
         <object_component_ref idref="oc-127"/>
      </symbol>
      <symbol id="sm-19e">
         <name>timer_interrupt</name>
         <value>0xcf54</value>
         <object_component_ref idref="oc-12d"/>
      </symbol>
      <symbol id="sm-19f">
         <name>__TI_int09</name>
         <value>0xfff2</value>
         <object_component_ref idref="oc-47"/>
      </symbol>
      <symbol id="sm-1a0">
         <name>normalizar</name>
         <value>0xceec</value>
         <object_component_ref idref="oc-1d4"/>
      </symbol>
      <symbol id="sm-1a1">
         <name>main</name>
         <value>0xc3b6</value>
         <object_component_ref idref="oc-15a"/>
      </symbol>
      <symbol id="sm-222">
         <name>MMA8451SetDeviceAddr</name>
         <value>0xcf66</value>
         <object_component_ref idref="oc-24f"/>
      </symbol>
      <symbol id="sm-223">
         <name>MMA8451StandBy</name>
         <value>0xccd0</value>
         <object_component_ref idref="oc-322"/>
      </symbol>
      <symbol id="sm-224">
         <name>MMA8451Reset</name>
         <value>0xca44</value>
         <object_component_ref idref="oc-25e"/>
      </symbol>
      <symbol id="sm-225">
         <name>MMA8451GetYAxis</name>
         <value>0xcf1e</value>
         <object_component_ref idref="oc-1da"/>
      </symbol>
      <symbol id="sm-226">
         <name>MMA8451GetXAxis</name>
         <value>0xcf48</value>
         <object_component_ref idref="oc-1ce"/>
      </symbol>
      <symbol id="sm-227">
         <name>MMA8451GetZAxis</name>
         <value>0xcf2c</value>
         <object_component_ref idref="oc-1e0"/>
      </symbol>
      <symbol id="sm-228">
         <name>MMA8451DataRate</name>
         <value>0xc888</value>
         <object_component_ref idref="oc-2e5"/>
      </symbol>
      <symbol id="sm-229">
         <name>MMA8451OrientDetect</name>
         <value>0xcefe</value>
         <object_component_ref idref="oc-264"/>
      </symbol>
      <symbol id="sm-22a">
         <name>MMA8451Active</name>
         <value>0xcc68</value>
         <object_component_ref idref="oc-328"/>
      </symbol>
      <symbol id="sm-22b">
         <name>MMA8451OverSampling</name>
         <value>0xc1fc</value>
         <object_component_ref idref="oc-2eb"/>
      </symbol>
      <symbol id="sm-22c">
         <name>MMA8451_2g</name>
         <value>0xcbbc</value>
         <object_component_ref idref="oc-2df"/>
      </symbol>
      <symbol id="sm-22d">
         <name>MMA8451Init</name>
         <value>0xcc9c</value>
         <object_component_ref idref="oc-1c2"/>
      </symbol>
      <symbol id="sm-242">
         <name>tsl2561_set_gain_int_time</name>
         <value>0xcbf6</value>
         <object_component_ref idref="oc-1c8"/>
      </symbol>
      <symbol id="sm-24b">
         <name>_stack</name>
         <value>0x3b0</value>
         <object_component_ref idref="oc-f1"/>
      </symbol>
      <symbol id="sm-24c">
         <name>_reset_vector</name>
         <value>0xfffe</value>
         <object_component_ref idref="oc-f4"/>
      </symbol>
      <symbol id="sm-256">
         <name>_c_int00_noargs_noexit</name>
         <value>0xce00</value>
         <object_component_ref idref="oc-6b"/>
      </symbol>
      <symbol id="sm-275">
         <name>__mspabi_cmpd</name>
         <value>0xc2da</value>
         <object_component_ref idref="oc-201"/>
      </symbol>
      <symbol id="sm-293">
         <name>__TI_decompress_lzss</name>
         <value>0xc79e</value>
         <object_component_ref idref="oc-34"/>
      </symbol>
      <symbol id="sm-2a9">
         <name>__TI_decompress_none</name>
         <value>0xcec8</value>
         <object_component_ref idref="oc-3a"/>
      </symbol>
      <symbol id="sm-2c1">
         <name>__TI_zero_init</name>
         <value>0xce7a</value>
         <object_component_ref idref="oc-4d"/>
      </symbol>
      <symbol id="sm-2cb">
         <name>__mspabi_remu</name>
         <value>0xce4e</value>
         <object_component_ref idref="oc-376"/>
      </symbol>
      <symbol id="sm-2cc">
         <name>__mspabi_divu</name>
         <value>0xce4e</value>
         <object_component_ref idref="oc-376"/>
      </symbol>
      <symbol id="sm-2d6">
         <name>__mspabi_func_epilog_2</name>
         <value>0xcf18</value>
         <object_component_ref idref="oc-ff"/>
      </symbol>
      <symbol id="sm-2d7">
         <name>__mspabi_func_epilog_3</name>
         <value>0xcf16</value>
         <object_component_ref idref="oc-ff"/>
      </symbol>
      <symbol id="sm-2d8">
         <name>__mspabi_func_epilog_1</name>
         <value>0xcf1a</value>
         <object_component_ref idref="oc-ff"/>
      </symbol>
      <symbol id="sm-2d9">
         <name>__mspabi_func_epilog_6</name>
         <value>0xcf10</value>
         <object_component_ref idref="oc-ff"/>
      </symbol>
      <symbol id="sm-2da">
         <name>__mspabi_func_epilog_7</name>
         <value>0xcf0e</value>
         <object_component_ref idref="oc-ff"/>
      </symbol>
      <symbol id="sm-2db">
         <name>__mspabi_func_epilog_4</name>
         <value>0xcf14</value>
         <object_component_ref idref="oc-ff"/>
      </symbol>
      <symbol id="sm-2dc">
         <name>__mspabi_func_epilog_5</name>
         <value>0xcf12</value>
         <object_component_ref idref="oc-ff"/>
      </symbol>
      <symbol id="sm-2e6">
         <name>C$$EXIT</name>
         <value>0xcf6c</value>
         <object_component_ref idref="oc-162"/>
      </symbol>
      <symbol id="sm-2e7">
         <name>abort</name>
         <value>0xcf6c</value>
         <object_component_ref idref="oc-162"/>
      </symbol>
      <symbol id="sm-2fd">
         <name>__mspabi_fltuld</name>
         <value>0xc610</value>
         <object_component_ref idref="oc-1fb"/>
      </symbol>
      <symbol id="sm-300">
         <name>__TI_int00</name>
         <value>0xffe0</value>
         <object_component_ref idref="oc-40"/>
      </symbol>
      <symbol id="sm-303">
         <name>__TI_int02</name>
         <value>0xffe4</value>
         <object_component_ref idref="oc-41"/>
      </symbol>
      <symbol id="sm-306">
         <name>__TI_int03</name>
         <value>0xffe6</value>
         <object_component_ref idref="oc-42"/>
      </symbol>
      <symbol id="sm-309">
         <name>__TI_int05</name>
         <value>0xffea</value>
         <object_component_ref idref="oc-43"/>
      </symbol>
      <symbol id="sm-30c">
         <name>__TI_int08</name>
         <value>0xfff0</value>
         <object_component_ref idref="oc-46"/>
      </symbol>
      <symbol id="sm-30f">
         <name>__TI_int10</name>
         <value>0xfff4</value>
         <object_component_ref idref="oc-48"/>
      </symbol>
      <symbol id="sm-312">
         <name>__TI_int11</name>
         <value>0xfff6</value>
         <object_component_ref idref="oc-49"/>
      </symbol>
      <symbol id="sm-315">
         <name>__TI_int12</name>
         <value>0xfff8</value>
         <object_component_ref idref="oc-4a"/>
      </symbol>
      <symbol id="sm-318">
         <name>__TI_int13</name>
         <value>0xfffa</value>
         <object_component_ref idref="oc-4b"/>
      </symbol>
      <symbol id="sm-31b">
         <name>__TI_int14</name>
         <value>0xfffc</value>
         <object_component_ref idref="oc-4c"/>
      </symbol>
      <symbol id="sm-323">
         <name>__TI_ISR_TRAP</name>
         <value>0xcf5e</value>
         <object_component_ref idref="oc-11c"/>
      </symbol>
      <symbol id="sm-32b">
         <name>__mspabi_slli</name>
         <value>0xcd04</value>
         <object_component_ref idref="oc-f5"/>
      </symbol>
      <symbol id="sm-32c">
         <name>__mspabi_slli_9</name>
         <value>0xcd1c</value>
         <object_component_ref idref="oc-f5"/>
      </symbol>
      <symbol id="sm-32d">
         <name>__mspabi_slli_8</name>
         <value>0xcd1e</value>
         <object_component_ref idref="oc-f5"/>
      </symbol>
      <symbol id="sm-32e">
         <name>__mspabi_slli_7</name>
         <value>0xcd20</value>
         <object_component_ref idref="oc-f5"/>
      </symbol>
      <symbol id="sm-32f">
         <name>__mspabi_slli_6</name>
         <value>0xcd22</value>
         <object_component_ref idref="oc-f5"/>
      </symbol>
      <symbol id="sm-330">
         <name>__mspabi_slli_5</name>
         <value>0xcd24</value>
         <object_component_ref idref="oc-f5"/>
      </symbol>
      <symbol id="sm-331">
         <name>__mspabi_slli_4</name>
         <value>0xcd26</value>
         <object_component_ref idref="oc-f5"/>
      </symbol>
      <symbol id="sm-332">
         <name>__mspabi_slli_3</name>
         <value>0xcd28</value>
         <object_component_ref idref="oc-f5"/>
      </symbol>
      <symbol id="sm-333">
         <name>__mspabi_slli_2</name>
         <value>0xcd2a</value>
         <object_component_ref idref="oc-f5"/>
      </symbol>
      <symbol id="sm-334">
         <name>__mspabi_slli_1</name>
         <value>0xcd2c</value>
         <object_component_ref idref="oc-f5"/>
      </symbol>
      <symbol id="sm-335">
         <name>__mspabi_slli_15</name>
         <value>0xcd10</value>
         <object_component_ref idref="oc-f5"/>
      </symbol>
      <symbol id="sm-336">
         <name>__mspabi_slli_14</name>
         <value>0xcd12</value>
         <object_component_ref idref="oc-f5"/>
      </symbol>
      <symbol id="sm-337">
         <name>__mspabi_slli_13</name>
         <value>0xcd14</value>
         <object_component_ref idref="oc-f5"/>
      </symbol>
      <symbol id="sm-338">
         <name>__mspabi_slli_12</name>
         <value>0xcd16</value>
         <object_component_ref idref="oc-f5"/>
      </symbol>
      <symbol id="sm-339">
         <name>__mspabi_slli_11</name>
         <value>0xcd18</value>
         <object_component_ref idref="oc-f5"/>
      </symbol>
      <symbol id="sm-33a">
         <name>__mspabi_slli_10</name>
         <value>0xcd1a</value>
         <object_component_ref idref="oc-f5"/>
      </symbol>
      <symbol id="sm-342">
         <name>__mspabi_slll_9</name>
         <value>0xcae0</value>
         <object_component_ref idref="oc-2aa"/>
      </symbol>
      <symbol id="sm-343">
         <name>__mspabi_slll_8</name>
         <value>0xcae4</value>
         <object_component_ref idref="oc-2aa"/>
      </symbol>
      <symbol id="sm-344">
         <name>__mspabi_slll_7</name>
         <value>0xcae8</value>
         <object_component_ref idref="oc-2aa"/>
      </symbol>
      <symbol id="sm-345">
         <name>__mspabi_slll_6</name>
         <value>0xcaec</value>
         <object_component_ref idref="oc-2aa"/>
      </symbol>
      <symbol id="sm-346">
         <name>__mspabi_slll_5</name>
         <value>0xcaf0</value>
         <object_component_ref idref="oc-2aa"/>
      </symbol>
      <symbol id="sm-347">
         <name>__mspabi_slll_4</name>
         <value>0xcaf4</value>
         <object_component_ref idref="oc-2aa"/>
      </symbol>
      <symbol id="sm-348">
         <name>__mspabi_slll_3</name>
         <value>0xcaf8</value>
         <object_component_ref idref="oc-2aa"/>
      </symbol>
      <symbol id="sm-349">
         <name>__mspabi_slll_2</name>
         <value>0xcafc</value>
         <object_component_ref idref="oc-2aa"/>
      </symbol>
      <symbol id="sm-34a">
         <name>__mspabi_slll_1</name>
         <value>0xcb00</value>
         <object_component_ref idref="oc-2aa"/>
      </symbol>
      <symbol id="sm-34b">
         <name>__mspabi_slll_15</name>
         <value>0xcac8</value>
         <object_component_ref idref="oc-2aa"/>
      </symbol>
      <symbol id="sm-34c">
         <name>__mspabi_slll_14</name>
         <value>0xcacc</value>
         <object_component_ref idref="oc-2aa"/>
      </symbol>
      <symbol id="sm-34d">
         <name>__mspabi_slll_13</name>
         <value>0xcad0</value>
         <object_component_ref idref="oc-2aa"/>
      </symbol>
      <symbol id="sm-34e">
         <name>__mspabi_slll_12</name>
         <value>0xcad4</value>
         <object_component_ref idref="oc-2aa"/>
      </symbol>
      <symbol id="sm-34f">
         <name>__mspabi_slll_11</name>
         <value>0xcad8</value>
         <object_component_ref idref="oc-2aa"/>
      </symbol>
      <symbol id="sm-350">
         <name>__mspabi_slll_10</name>
         <value>0xcadc</value>
         <object_component_ref idref="oc-2aa"/>
      </symbol>
      <symbol id="sm-358">
         <name>__mspabi_srli_8</name>
         <value>0xca22</value>
         <object_component_ref idref="oc-fa"/>
      </symbol>
      <symbol id="sm-359">
         <name>__mspabi_srli_9</name>
         <value>0xca1e</value>
         <object_component_ref idref="oc-fa"/>
      </symbol>
      <symbol id="sm-35a">
         <name>__mspabi_srli_6</name>
         <value>0xca2a</value>
         <object_component_ref idref="oc-fa"/>
      </symbol>
      <symbol id="sm-35b">
         <name>__mspabi_srli_7</name>
         <value>0xca26</value>
         <object_component_ref idref="oc-fa"/>
      </symbol>
      <symbol id="sm-35c">
         <name>__mspabi_srli_4</name>
         <value>0xca32</value>
         <object_component_ref idref="oc-fa"/>
      </symbol>
      <symbol id="sm-35d">
         <name>__mspabi_srli_5</name>
         <value>0xca2e</value>
         <object_component_ref idref="oc-fa"/>
      </symbol>
      <symbol id="sm-35e">
         <name>__mspabi_srli_2</name>
         <value>0xca3a</value>
         <object_component_ref idref="oc-fa"/>
      </symbol>
      <symbol id="sm-35f">
         <name>__mspabi_srli_3</name>
         <value>0xca36</value>
         <object_component_ref idref="oc-fa"/>
      </symbol>
      <symbol id="sm-360">
         <name>__mspabi_srli_1</name>
         <value>0xca3e</value>
         <object_component_ref idref="oc-fa"/>
      </symbol>
      <symbol id="sm-361">
         <name>__mspabi_srli</name>
         <value>0xc9f8</value>
         <object_component_ref idref="oc-fa"/>
      </symbol>
      <symbol id="sm-362">
         <name>__mspabi_srli_15</name>
         <value>0xca06</value>
         <object_component_ref idref="oc-fa"/>
      </symbol>
      <symbol id="sm-363">
         <name>__mspabi_srli_14</name>
         <value>0xca0a</value>
         <object_component_ref idref="oc-fa"/>
      </symbol>
      <symbol id="sm-364">
         <name>__mspabi_srli_13</name>
         <value>0xca0e</value>
         <object_component_ref idref="oc-fa"/>
      </symbol>
      <symbol id="sm-365">
         <name>__mspabi_srli_12</name>
         <value>0xca12</value>
         <object_component_ref idref="oc-fa"/>
      </symbol>
      <symbol id="sm-366">
         <name>__mspabi_srli_11</name>
         <value>0xca16</value>
         <object_component_ref idref="oc-fa"/>
      </symbol>
      <symbol id="sm-367">
         <name>__mspabi_srli_10</name>
         <value>0xca1a</value>
         <object_component_ref idref="oc-fa"/>
      </symbol>
      <symbol id="sm-36f">
         <name>__mspabi_srll_8</name>
         <value>0xc91c</value>
         <object_component_ref idref="oc-2af"/>
      </symbol>
      <symbol id="sm-370">
         <name>__mspabi_srll_9</name>
         <value>0xc916</value>
         <object_component_ref idref="oc-2af"/>
      </symbol>
      <symbol id="sm-371">
         <name>__mspabi_srll_6</name>
         <value>0xc928</value>
         <object_component_ref idref="oc-2af"/>
      </symbol>
      <symbol id="sm-372">
         <name>__mspabi_srll_7</name>
         <value>0xc922</value>
         <object_component_ref idref="oc-2af"/>
      </symbol>
      <symbol id="sm-373">
         <name>__mspabi_srll_4</name>
         <value>0xc934</value>
         <object_component_ref idref="oc-2af"/>
      </symbol>
      <symbol id="sm-374">
         <name>__mspabi_srll_5</name>
         <value>0xc92e</value>
         <object_component_ref idref="oc-2af"/>
      </symbol>
      <symbol id="sm-375">
         <name>__mspabi_srll_2</name>
         <value>0xc940</value>
         <object_component_ref idref="oc-2af"/>
      </symbol>
      <symbol id="sm-376">
         <name>__mspabi_srll_3</name>
         <value>0xc93a</value>
         <object_component_ref idref="oc-2af"/>
      </symbol>
      <symbol id="sm-377">
         <name>__mspabi_srll_1</name>
         <value>0xc946</value>
         <object_component_ref idref="oc-2af"/>
      </symbol>
      <symbol id="sm-378">
         <name>__mspabi_srll_15</name>
         <value>0xc8f2</value>
         <object_component_ref idref="oc-2af"/>
      </symbol>
      <symbol id="sm-379">
         <name>__mspabi_srll_14</name>
         <value>0xc8f8</value>
         <object_component_ref idref="oc-2af"/>
      </symbol>
      <symbol id="sm-37a">
         <name>__mspabi_srll_13</name>
         <value>0xc8fe</value>
         <object_component_ref idref="oc-2af"/>
      </symbol>
      <symbol id="sm-37b">
         <name>__mspabi_srll_12</name>
         <value>0xc904</value>
         <object_component_ref idref="oc-2af"/>
      </symbol>
      <symbol id="sm-37c">
         <name>__mspabi_srll_11</name>
         <value>0xc90a</value>
         <object_component_ref idref="oc-2af"/>
      </symbol>
      <symbol id="sm-37d">
         <name>__mspabi_srll_10</name>
         <value>0xc910</value>
         <object_component_ref idref="oc-2af"/>
      </symbol>
      <symbol id="sm-38c">
         <name>memcpy</name>
         <value>0xceda</value>
         <object_component_ref idref="oc-10f"/>
      </symbol>
      <symbol id="sm-397">
         <name>_system_pre_init</name>
         <value>0xcf78</value>
         <object_component_ref idref="oc-13a"/>
      </symbol>
      <symbol id="sm-3b8">
         <name>sprintf</name>
         <value>0xcc30</value>
         <object_component_ref idref="oc-286"/>
      </symbol>
      <symbol id="sm-400">
         <name>__TI_printfi_minimal</name>
         <value>0xc116</value>
         <object_component_ref idref="oc-304"/>
      </symbol>
      <symbol id="sm-41e">
         <name>_auto_init</name>
         <value>0xc81a</value>
         <object_component_ref idref="oc-140"/>
      </symbol>
      <symbol id="sm-434">
         <name>copy_in</name>
         <value>0xc94e</value>
         <object_component_ref idref="oc-194"/>
      </symbol>
      <symbol id="sm-443">
         <name>memccpy</name>
         <value>0xce34</value>
         <object_component_ref idref="oc-367"/>
      </symbol>
      <symbol id="sm-451">
         <name>memset</name>
         <value>0xce8e</value>
         <object_component_ref idref="oc-35a"/>
      </symbol>
      <symbol id="sm-45b">
         <name>__mspabi_mpyi_sw</name>
         <value>0xcea2</value>
         <object_component_ref idref="oc-218"/>
      </symbol>
      <symbol id="sm-45c">
         <name>__mspabi_mpyi</name>
         <value>0xcea2</value>
         <object_component_ref idref="oc-218"/>
      </symbol>
      <symbol id="sm-465">
         <name>_system_post_cinit</name>
         <value>0xcf7c</value>
         <object_component_ref idref="oc-19a"/>
      </symbol>
      <symbol id="sm-472">
         <name>strlen</name>
         <value>0xcf3a</value>
         <object_component_ref idref="oc-333"/>
      </symbol>
      <symbol id="sm-475">
         <name>__TI_BINIT_Base</name>
         <value>0x0</value>
      </symbol>
      <symbol id="sm-476">
         <name>__TI_BINIT_Limit</name>
         <value>0x0</value>
      </symbol>
      <symbol id="sm-477">
         <name>__TI_INITARRAY_Base</name>
         <value>0x0</value>
      </symbol>
      <symbol id="sm-478">
         <name>__TI_INITARRAY_Limit</name>
         <value>0x0</value>
      </symbol>
   </symbol_table>
   <title>Link successful</title>
</link_info>
